main.c:99:6:HAL_ADC_ConvCpltCallback	24	static
main.c:113:6:ADCSensor_Trigger_Read	8	static
main.c:118:10:ADCSensor_Read_Counts	16	static
main.c:127:6:Actuator_Open	16	static
main.c:134:6:Actuator_Close	16	static
main.c:146:5:main	40	static
main.c:232:6:SystemClock_Config	88	static
main.c:278:13:MX_ADC1_Init	24	static
main.c:323:13:MX_I2C1_Init	8	static
main.c:357:13:MX_USART1_UART_Init	8	static
main.c:388:13:MX_DMA_Init	16	static
main.c:406:13:MX_GPIO_Init	40	static
main.c:436:6:Error_Handler	4	static,ignoring_inline_asm
