Archive member included to satisfy reference by file (symbol)

c:/program files/stm32cubeide_1.5.0/stm32cubeide/plugins/com.st.stm32cube.ide.mcu.externaltools.gnu-tools-for-stm32.7-2018-q2-update.win32_1.5.0.202011040924/tools/bin/../lib/gcc/arm-none-eabi/7.3.1/../../../../arm-none-eabi/lib/thumb/v7-m\libc_nano.a(lib_a-errno.o)
                              Core/Src/syscalls.o (__errno)
c:/program files/stm32cubeide_1.5.0/stm32cubeide/plugins/com.st.stm32cube.ide.mcu.externaltools.gnu-tools-for-stm32.7-2018-q2-update.win32_1.5.0.202011040924/tools/bin/../lib/gcc/arm-none-eabi/7.3.1/../../../../arm-none-eabi/lib/thumb/v7-m\libc_nano.a(lib_a-exit.o)
                              c:/program files/stm32cubeide_1.5.0/stm32cubeide/plugins/com.st.stm32cube.ide.mcu.externaltools.gnu-tools-for-stm32.7-2018-q2-update.win32_1.5.0.202011040924/tools/bin/../lib/gcc/arm-none-eabi/7.3.1/../../../../arm-none-eabi/lib/thumb/v7-m/crt0.o (exit)
c:/program files/stm32cubeide_1.5.0/stm32cubeide/plugins/com.st.stm32cube.ide.mcu.externaltools.gnu-tools-for-stm32.7-2018-q2-update.win32_1.5.0.202011040924/tools/bin/../lib/gcc/arm-none-eabi/7.3.1/../../../../arm-none-eabi/lib/thumb/v7-m\libc_nano.a(lib_a-impure.o)
                              c:/program files/stm32cubeide_1.5.0/stm32cubeide/plugins/com.st.stm32cube.ide.mcu.externaltools.gnu-tools-for-stm32.7-2018-q2-update.win32_1.5.0.202011040924/tools/bin/../lib/gcc/arm-none-eabi/7.3.1/../../../../arm-none-eabi/lib/thumb/v7-m\libc_nano.a(lib_a-exit.o) (_global_impure_ptr)
c:/program files/stm32cubeide_1.5.0/stm32cubeide/plugins/com.st.stm32cube.ide.mcu.externaltools.gnu-tools-for-stm32.7-2018-q2-update.win32_1.5.0.202011040924/tools/bin/../lib/gcc/arm-none-eabi/7.3.1/../../../../arm-none-eabi/lib/thumb/v7-m\libc_nano.a(lib_a-init.o)
                              c:/program files/stm32cubeide_1.5.0/stm32cubeide/plugins/com.st.stm32cube.ide.mcu.externaltools.gnu-tools-for-stm32.7-2018-q2-update.win32_1.5.0.202011040924/tools/bin/../lib/gcc/arm-none-eabi/7.3.1/../../../../arm-none-eabi/lib/thumb/v7-m/crt0.o (__libc_init_array)
c:/program files/stm32cubeide_1.5.0/stm32cubeide/plugins/com.st.stm32cube.ide.mcu.externaltools.gnu-tools-for-stm32.7-2018-q2-update.win32_1.5.0.202011040924/tools/bin/../lib/gcc/arm-none-eabi/7.3.1/../../../../arm-none-eabi/lib/thumb/v7-m\libc_nano.a(lib_a-memset.o)
                              c:/program files/stm32cubeide_1.5.0/stm32cubeide/plugins/com.st.stm32cube.ide.mcu.externaltools.gnu-tools-for-stm32.7-2018-q2-update.win32_1.5.0.202011040924/tools/bin/../lib/gcc/arm-none-eabi/7.3.1/../../../../arm-none-eabi/lib/thumb/v7-m/crt0.o (memset)
c:/program files/stm32cubeide_1.5.0/stm32cubeide/plugins/com.st.stm32cube.ide.mcu.externaltools.gnu-tools-for-stm32.7-2018-q2-update.win32_1.5.0.202011040924/tools/bin/../lib/gcc/arm-none-eabi/7.3.1/../../../../arm-none-eabi/lib/thumb/v7-m\libc_nano.a(lib_a-sprintf.o)
                              Core/Src/main.o (sprintf)
c:/program files/stm32cubeide_1.5.0/stm32cubeide/plugins/com.st.stm32cube.ide.mcu.externaltools.gnu-tools-for-stm32.7-2018-q2-update.win32_1.5.0.202011040924/tools/bin/../lib/gcc/arm-none-eabi/7.3.1/../../../../arm-none-eabi/lib/thumb/v7-m\libc_nano.a(lib_a-strlen.o)
                              Core/Src/main.o (strlen)
c:/program files/stm32cubeide_1.5.0/stm32cubeide/plugins/com.st.stm32cube.ide.mcu.externaltools.gnu-tools-for-stm32.7-2018-q2-update.win32_1.5.0.202011040924/tools/bin/../lib/gcc/arm-none-eabi/7.3.1/../../../../arm-none-eabi/lib/thumb/v7-m\libc_nano.a(lib_a-nano-svfprintf.o)
                              c:/program files/stm32cubeide_1.5.0/stm32cubeide/plugins/com.st.stm32cube.ide.mcu.externaltools.gnu-tools-for-stm32.7-2018-q2-update.win32_1.5.0.202011040924/tools/bin/../lib/gcc/arm-none-eabi/7.3.1/../../../../arm-none-eabi/lib/thumb/v7-m\libc_nano.a(lib_a-sprintf.o) (_svfprintf_r)
c:/program files/stm32cubeide_1.5.0/stm32cubeide/plugins/com.st.stm32cube.ide.mcu.externaltools.gnu-tools-for-stm32.7-2018-q2-update.win32_1.5.0.202011040924/tools/bin/../lib/gcc/arm-none-eabi/7.3.1/../../../../arm-none-eabi/lib/thumb/v7-m\libc_nano.a(lib_a-nano-vfprintf_i.o)
                              c:/program files/stm32cubeide_1.5.0/stm32cubeide/plugins/com.st.stm32cube.ide.mcu.externaltools.gnu-tools-for-stm32.7-2018-q2-update.win32_1.5.0.202011040924/tools/bin/../lib/gcc/arm-none-eabi/7.3.1/../../../../arm-none-eabi/lib/thumb/v7-m\libc_nano.a(lib_a-nano-svfprintf.o) (_printf_i)
c:/program files/stm32cubeide_1.5.0/stm32cubeide/plugins/com.st.stm32cube.ide.mcu.externaltools.gnu-tools-for-stm32.7-2018-q2-update.win32_1.5.0.202011040924/tools/bin/../lib/gcc/arm-none-eabi/7.3.1/../../../../arm-none-eabi/lib/thumb/v7-m\libc_nano.a(lib_a-memchr-stub.o)
[...]
Memory Configuration

Name             Origin             Length             Attributes
RAM              0x0000000020000000 0x0000000000005000 xrw
FLASH            0x0000000008000000 0x0000000000010000 xr
*default*        0x0000000000000000 0xffffffffffffffff

Linker script and memory map

LOAD c:/program files/stm32cubeide_1.5.0/stm32cubeide/plugins/com.st.stm32cube.ide.mcu.externaltools.gnu-tools-for-stm32.7-2018-q2-update.win32_1.5.0.202011040924/tools/bin/../lib/gcc/arm-none-eabi/7.3.1/thumb/v7-m/crti.o
LOAD c:/program files/stm32cubeide_1.5.0/stm32cubeide/plugins/com.st.stm32cube.ide.mcu.externaltools.gnu-tools-for-stm32.7-2018-q2-update.win32_1.5.0.202011040924/tools/bin/../lib/gcc/arm-none-eabi/7.3.1/thumb/v7-m/crtbegin.o
LOAD c:/program files/stm32cubeide_1.5.0/stm32cubeide/plugins/com.st.stm32cube.ide.mcu.externaltools.gnu-tools-for-stm32.7-2018-q2-update.win32_1.5.0.202011040924/tools/bin/../lib/gcc/arm-none-eabi/7.3.1/../../../../arm-none-eabi/lib/thumb/v7-m/crt0.o
LOAD Core/Src/main.o
LOAD Core/Src/stm32f1xx_hal_msp.o
LOAD Core/Src/stm32f1xx_it.o
LOAD Core/Src/syscalls.o
LOAD Core/Src/sysmem.o
LOAD Core/Src/system_stm32f1xx.o
LOAD Core/Startup/startup_stm32f103c8tx.o
LOAD Drivers/STM32F1xx_HAL_Driver/Src/stm32f1xx_hal.o
LOAD Drivers/STM32F1xx_HAL_Driver/Src/stm32f1xx_hal_adc.o
LOAD Drivers/STM32F1xx_HAL_Driver/Src/stm32f1xx_hal_adc_ex.o
LOAD Drivers/STM32F1xx_HAL_Driver/Src/stm32f1xx_hal_cortex.o
LOAD Drivers/STM32F1xx_HAL_Driver/Src/stm32f1xx_hal_dma.o
LOAD Drivers/STM32F1xx_HAL_Driver/Src/stm32f1xx_hal_exti.o
LOAD Drivers/STM32F1xx_HAL_Driver/Src/stm32f1xx_hal_flash.o
LOAD Drivers/STM32F1xx_HAL_Driver/Src/stm32f1xx_hal_flash_ex.o
LOAD Drivers/STM32F1xx_HAL_Driver/Src/stm32f1xx_hal_gpio.o
LOAD Drivers/STM32F1xx_HAL_Driver/Src/stm32f1xx_hal_gpio_ex.o
LOAD Drivers/STM32F1xx_HAL_Driver/Src/stm32f1xx_hal_i2c.o
LOAD Drivers/STM32F1xx_HAL_Driver/Src/stm32f1xx_hal_pwr.o
LOAD Drivers/STM32F1xx_HAL_Driver/Src/stm32f1xx_hal_rcc.o
LOAD Drivers/STM32F1xx_HAL_Driver/Src/stm32f1xx_hal_rcc_ex.o
LOAD Drivers/STM32F1xx_HAL_Driver/Src/stm32f1xx_hal_tim.o
LOAD Drivers/STM32F1xx_HAL_Driver/Src/stm32f1xx_hal_tim_ex.o
LOAD Drivers/STM32F1xx_HAL_Driver/Src/stm32f1xx_hal_uart.o
START GROUP
LOAD c:/program files/stm32cubeide_1.5.0/stm32cubeide/plugins/com.st.stm32cube.ide.mcu.externaltools.gnu-tools-for-stm32.7-2018-q2-update.win32_1.5.0.202011040924/tools/bin/../lib/gcc/arm-none-eabi/7.3.1/../../../../arm-none-eabi/lib/thumb/v7-m\libstdc++_nano.a
LOAD c:/program files/stm32cubeide_1.5.0/stm32cubeide/plugins/com.st.stm32cube.ide.mcu.externaltools.gnu-tools-for-stm32.7-2018-q2-update.win32_1.5.0.202011040924/tools/bin/../lib/gcc/arm-none-eabi/7.3.1/../../../../arm-none-eabi/lib/thumb/v7-m\libsupc++_nano.a
END GROUP
LOAD c:/program files/stm32cubeide_1.5.0/stm32cubeide/plugins/com.st.stm32cube.ide.mcu.externaltools.gnu-tools-for-stm32.7-2018-q2-update.win32_1.5.0.202011040924/tools/bin/../lib/gcc/arm-none-eabi/7.3.1/../../../../arm-none-eabi/lib/thumb/v7-m\libstdc++_nano.a
LOAD c:/program files/stm32cubeide_1.5.0/stm32cubeide/plugins/com.st.stm32cube.ide.mcu.externaltools.gnu-tools-for-stm32.7-2018-q2-update.win32_1.5.0.202011040924/tools/bin/../lib/gcc/arm-none-eabi/7.3.1/../../../../arm-none-eabi/lib/thumb/v7-m\libm.a
LOAD c:/program files/stm32cubeide_1.5.0/stm32cubeide/plugins/com.st.stm32cube.ide.mcu.externaltools.gnu-tools-for-stm32.7-2018-q2-update.win32_1.5.0.202011040924/tools/bin/../lib/gcc/arm-none-eabi/7.3.1/../../../../arm-none-eabi/lib/thumb/v7-m\libc_nano.a
START GROUP
LOAD c:/program files/stm32cubeide_1.5.0/stm32cubeide/plugins/com.st.stm32cube.ide.mcu.externaltools.gnu-tools-for-stm32.7-2018-q2-update.win32_1.5.0.202011040924/tools/bin/../lib/gcc/arm-none-eabi/7.3.1/thumb/v7-m\libgcc.a
LOAD c:/program files/stm32cubeide_1.5.0/stm32cubeide/plugins/com.st.stm32cube.ide.mcu.externaltools.gnu-tools-for-stm32.7-2018-q2-update.win32_1.5.0.202011040924/tools/bin/../lib/gcc/arm-none-eabi/7.3.1/../../../../arm-none-eabi/lib/thumb/v7-m\libc_nano.a
END GROUP
START GROUP
LOAD c:/program files/stm32cubeide_1.5.0/stm32cubeide/plugins/com.st.stm32cube.ide.mcu.externaltools.gnu-tools-for-stm32.7-2018-q2-update.win32_1.5.0.202011040924/tools/bin/../lib/gcc/arm-none-eabi/7.3.1/thumb/v7-m\libgcc.a
LOAD c:/program files/stm32cubeide_1.5.0/stm32cubeide/plugins/com.st.stm32cube.ide.mcu.externaltools.gnu-tools-for-stm32.7-2018-q2-update.win32_1.5.0.202011040924/tools/bin/../lib/gcc/arm-none-eabi/7.3.1/../../../../arm-none-eabi/lib/thumb/v7-m\libc_nano.a
END GROUP
LOAD c:/program files/stm32cubeide_1.5.0/stm32cubeide/plugins/com.st.stm32cube.ide.mcu.externaltools.gnu-tools-for-stm32.7-2018-q2-update.win32_1.5.0.202011040924/tools/bin/../lib/gcc/arm-none-eabi/7.3.1/thumb/v7-m/crtend.o
LOAD c:/program files/stm32cubeide_1.5.0/stm32cubeide/plugins/com.st.stm32cube.ide.mcu.externaltools.gnu-tools-for-stm32.7-2018-q2-update.win32_1.5.0.202011040924/tools/bin/../lib/gcc/arm-none-eabi/7.3.1/thumb/v7-m/crtn.o
                0x0000000020005000                _estack = (ORIGIN (RAM) + LENGTH (RAM))
                0x0000000000000200                _Min_Heap_Size = 0x200
                0x0000000000000400                _Min_Stack_Size = 0x400

.isr_vector     0x0000000008000000      0x10c
                0x0000000008000000                . = ALIGN (0x4)
 *(.isr_vector)
 .isr_vector    0x0000000008000000      0x10c Core/Startup/startup_stm32f103c8tx.o
                0x0000000008000000                g_pfnVectors
                0x000000000800010c                . = ALIGN (0x4)

.text           0x000000000800010c     0x36c8
                0x000000000800010c                . = ALIGN (0x4)
 *(.text)
 .text          0x000000000800010c       0x40 c:/program files/stm32cubeide_1.5.0/stm32cubeide/plugins/com.st.stm32cube.ide.mcu.externaltools.gnu-tools-for-stm32.7-2018-q2-update.win32_1.5.0.202011040924/tools/bin/../lib/gcc/arm-none-eabi/7.3.1/thumb/v7-m/crtbegin.o
 .text          0x000000000800014c       0x10 c:/program files/stm32cubeide_1.5.0/stm32cubeide/plugins/com.st.stm32cube.ide.mcu.externaltools.gnu-tools-for-stm32.7-2018-q2-update.win32_1.5.0.202011040924/tools/bin/../lib/gcc/arm-none-eabi/7.3.1/../../../../arm-none-eabi/lib/thumb/v7-m\libc_nano.a(lib_a-strlen.o)
                0x000000000800014c                strlen
 .text          0x000000000800015c      0x21c c:/program files/stm32cubeide_1.5.0/stm32cubeide/plugins/com.st.stm32cube.ide.mcu.externaltools.gnu-tools-for-stm32.7-2018-q2-update.win32_1.5.0.202011040924/tools/bin/../lib/gcc/arm-none-eabi/7.3.1/thumb/v7-m\libgcc.a(_arm_addsubsf3.o)
                0x000000000800015c                __aeabi_frsub
                0x0000000008000164                __subsf3
                0x0000000008000164                __aeabi_fsub
                0x0000000008000168                __aeabi_fadd
                0x0000000008000168                __addsf3
                0x00000000080002c8                __aeabi_ui2f
                0x00000000080002c8                __floatunsisf
                0x00000000080002d0                __aeabi_i2f
                0x00000000080002d0                __floatsisf
                0x00000000080002ec                __aeabi_ul2f
                0x00000000080002ec                __floatundisf
                0x00000000080002fc                __aeabi_l2f
                0x00000000080002fc                __floatdisf
 .text          0x0000000008000378      0x2a0 c:/program files/stm32cubeide_1.5.0/stm32cubeide/plugins/com.st.stm32cube.ide.mcu.externaltools.gnu-tools-for-stm32.7-2018-q2-update.win32_1.5.0.202011040924/tools/bin/../lib/gcc/arm-none-eabi/7.3.1/thumb/v7-m\libgcc.a(_arm_muldivsf3.o)
                0x0000000008000378                __mulsf3
                0x0000000008000378                __aeabi_fmul
                0x00000000080004e0                __aeabi_fdiv
                0x00000000080004e0                __divsf3
 .text          0x0000000008000618       0x4c c:/program files/stm32cubeide_1.5.0/stm32cubeide/plugins/com.st.stm32cube.ide.mcu.externaltools.gnu-tools-for-stm32.7-2018-q2-update.win32_1.5.0.202011040924/tools/bin/../lib/gcc/arm-none-eabi/7.3.1/thumb/v7-m\libgcc.a(_arm_fixsfsi.o)
                0x0000000008000618                __aeabi_f2iz
                0x0000000008000618                __fixsfsi
 *(.text*)
 .text.HAL_ADC_ConvCpltCallback
                0x0000000008000664       0x48 Core/Src/main.o
                0x0000000008000664                HAL_ADC_ConvCpltCallback
 .text.ADCSensor_Trigger_Read
                0x00000000080006ac       0x1c Core/Src/main.o
                0x00000000080006ac                ADCSensor_Trigger_Read
 .text.ADCSensor_Read_Counts
                0x00000000080006c8       0x2c Core/Src/main.o
                0x00000000080006c8                ADCSensor_Read_Counts
 .text.main     0x00000000080006f4      0x12c Core/Src/main.o
                0x00000000080006f4                main
 .text.SystemClock_Config
                0x0000000008000820       0xb6 Core/Src/main.o
                0x0000000008000820                SystemClock_Config
 *fill*         0x00000000080008d6        0x2 
 .text.MX_ADC1_Init
                0x00000000080008d8       0x7c Core/Src/main.o
 .text.MX_I2C1_Init
                0x0000000008000954       0x5c Core/Src/main.o
 .text.MX_USART1_UART_Init
                0x00000000080009b0       0x54 Core/Src/main.o
 .text.MX_DMA_Init
                0x0000000008000a04       0x3c Core/Src/main.o
 .text.MX_GPIO_Init
                0x0000000008000a40       0xb0 Core/Src/main.o
 .text.Error_Handler
                0x0000000008000af0        0x8 Core/Src/main.o
                0x0000000008000af0                Error_Handler
 .text.HAL_MspInit
                0x0000000008000af8       0x64 Core/Src/stm32f1xx_hal_msp.o
                0x0000000008000af8                HAL_MspInit
 .text.HAL_ADC_MspInit
                0x0000000008000b5c       0xd0 Core/Src/stm32f1xx_hal_msp.o
                0x0000000008000b5c                HAL_ADC_MspInit
 .text.HAL_I2C_MspInit
                0x0000000008000c2c       0x7c Core/Src/stm32f1xx_hal_msp.o
                0x0000000008000c2c                HAL_I2C_MspInit
 .text.HAL_UART_MspInit
                0x0000000008000ca8       0x98 Core/Src/stm32f1xx_hal_msp.o
                0x0000000008000ca8                HAL_UART_MspInit
 .text.NMI_Handler
                0x0000000008000d40        0x6 Core/Src/stm32f1xx_it.o
                0x0000000008000d40                NMI_Handler
 .text.HardFault_Handler
                0x0000000008000d46        0x6 Core/Src/stm32f1xx_it.o
                0x0000000008000d46                HardFault_Handler
 .text.MemManage_Handler
                0x0000000008000d4c        0x6 Core/Src/stm32f1xx_it.o
                0x0000000008000d4c                MemManage_Handler
 .text.BusFault_Handler
                0x0000000008000d52        0x6 Core/Src/stm32f1xx_it.o
                0x0000000008000d52                BusFault_Handler
 .text.UsageFault_Handler
                0x0000000008000d58        0x6 Core/Src/stm32f1xx_it.o
                0x0000000008000d58                UsageFault_Handler
 .text.SVC_Handler
                0x0000000008000d5e        0xc Core/Src/stm32f1xx_it.o
                0x0000000008000d5e                SVC_Handler
 .text.DebugMon_Handler
                0x0000000008000d6a        0xc Core/Src/stm32f1xx_it.o
                0x0000000008000d6a                DebugMon_Handler
 .text.PendSV_Handler
                0x0000000008000d76        0xc Core/Src/stm32f1xx_it.o
                0x0000000008000d76                PendSV_Handler
 .text.SysTick_Handler
                0x0000000008000d82        0xc Core/Src/stm32f1xx_it.o
                0x0000000008000d82                SysTick_Handler
 *fill*         0x0000000008000d8e        0x2 
 .text.DMA1_Channel1_IRQHandler
                0x0000000008000d90       0x14 Core/Src/stm32f1xx_it.o
                0x0000000008000d90                DMA1_Channel1_IRQHandler
 .text._sbrk    0x0000000008000da4       0x6c Core/Src/sysmem.o
                0x0000000008000da4                _sbrk
 .text.SystemInit
                0x0000000008000e10        0xc Core/Src/system_stm32f1xx.o
                0x0000000008000e10                SystemInit
 .text.Reset_Handler
                0x0000000008000e1c       0x48 Core/Startup/startup_stm32f103c8tx.o
                0x0000000008000e1c                Reset_Handler
 .text.Default_Handler
                0x0000000008000e64        0x2 Core/Startup/startup_stm32f103c8tx.o
                0x0000000008000e64                RTC_Alarm_IRQHandler
                0x0000000008000e64                EXTI2_IRQHandler
                0x0000000008000e64                TIM1_CC_IRQHandler
                0x0000000008000e64                PVD_IRQHandler
                0x0000000008000e64                EXTI3_IRQHandler
                0x0000000008000e64                EXTI0_IRQHandler
                0x0000000008000e64                I2C2_EV_IRQHandler
                0x0000000008000e64                ADC1_2_IRQHandler
                0x0000000008000e64                SPI1_IRQHandler
                0x0000000008000e64                TAMPER_IRQHandler
                0x0000000008000e64                DMA1_Channel4_IRQHandler
                0x0000000008000e64                USART3_IRQHandler
                0x0000000008000e64                RTC_IRQHandler
                0x0000000008000e64                DMA1_Channel7_IRQHandler
                0x0000000008000e64                CAN1_RX1_IRQHandler
                0x0000000008000e64                TIM4_IRQHandler
                0x0000000008000e64                I2C1_EV_IRQHandler
                0x0000000008000e64                DMA1_Channel6_IRQHandler
                0x0000000008000e64                TIM3_IRQHandler
                0x0000000008000e64                RCC_IRQHandler
                0x0000000008000e64                TIM1_TRG_COM_IRQHandler
                0x0000000008000e64                Default_Handler
                0x0000000008000e64                EXTI15_10_IRQHandler
                0x0000000008000e64                EXTI9_5_IRQHandler
                0x0000000008000e64                SPI2_IRQHandler
                0x0000000008000e64                DMA1_Channel5_IRQHandler
                0x0000000008000e64                EXTI4_IRQHandler
                0x0000000008000e64                USB_LP_CAN1_RX0_IRQHandler
                0x0000000008000e64                USB_HP_CAN1_TX_IRQHandler
                0x0000000008000e64                DMA1_Channel3_IRQHandler
                0x0000000008000e64                TIM1_UP_IRQHandler
                0x0000000008000e64                WWDG_IRQHandler
                0x0000000008000e64                TIM2_IRQHandler
                0x0000000008000e64                TIM1_BRK_IRQHandler
                0x0000000008000e64                EXTI1_IRQHandler
                0x0000000008000e64                USART2_IRQHandler
                0x0000000008000e64                I2C2_ER_IRQHandler
                0x0000000008000e64                DMA1_Channel2_IRQHandler
                0x0000000008000e64                CAN1_SCE_IRQHandler
                0x0000000008000e64                FLASH_IRQHandler
                0x0000000008000e64                USART1_IRQHandler
                0x0000000008000e64                I2C1_ER_IRQHandler
                0x0000000008000e64                USBWakeUp_IRQHandler
 *fill*         0x0000000008000e66        0x2 
 .text.HAL_Init
                0x0000000008000e68       0x2c Drivers/STM32F1xx_HAL_Driver/Src/stm32f1xx_hal.o
                0x0000000008000e68                HAL_Init
 .text.HAL_InitTick
                0x0000000008000e94       0x60 Drivers/STM32F1xx_HAL_Driver/Src/stm32f1xx_hal.o
                0x0000000008000e94                HAL_InitTick
 .text.HAL_IncTick
                0x0000000008000ef4       0x24 Drivers/STM32F1xx_HAL_Driver/Src/stm32f1xx_hal.o
                0x0000000008000ef4                HAL_IncTick
 .text.HAL_GetTick
                0x0000000008000f18       0x14 Drivers/STM32F1xx_HAL_Driver/Src/stm32f1xx_hal.o
                0x0000000008000f18                HAL_GetTick
 .text.HAL_Delay
                0x0000000008000f2c       0x44 Drivers/STM32F1xx_HAL_Driver/Src/stm32f1xx_hal.o
                0x0000000008000f2c                HAL_Delay
 .text.HAL_ADC_Init
                0x0000000008000f70      0x1b0 Drivers/STM32F1xx_HAL_Driver/Src/stm32f1xx_hal_adc.o
                0x0000000008000f70                HAL_ADC_Init
 .text.HAL_ADC_Start_DMA
                0x0000000008001120      0x1bc Drivers/STM32F1xx_HAL_Driver/Src/stm32f1xx_hal_adc.o
                0x0000000008001120                HAL_ADC_Start_DMA
 .text.HAL_ADC_ConvHalfCpltCallback
                0x00000000080012dc       0x12 Drivers/STM32F1xx_HAL_Driver/Src/stm32f1xx_hal_adc.o
                0x00000000080012dc                HAL_ADC_ConvHalfCpltCallback
 .text.HAL_ADC_ErrorCallback
                0x00000000080012ee       0x12 Drivers/STM32F1xx_HAL_Driver/Src/stm32f1xx_hal_adc.o
                0x00000000080012ee                HAL_ADC_ErrorCallback
 .text.HAL_ADC_ConfigChannel
                0x0000000008001300      0x1f0 Drivers/STM32F1xx_HAL_Driver/Src/stm32f1xx_hal_adc.o
                0x0000000008001300                HAL_ADC_ConfigChannel
 .text.ADC_Enable
                0x00000000080014f0       0xa4 Drivers/STM32F1xx_HAL_Driver/Src/stm32f1xx_hal_adc.o
                0x00000000080014f0                ADC_Enable
 .text.ADC_ConversionStop_Disable
                0x0000000008001594       0x74 Drivers/STM32F1xx_HAL_Driver/Src/stm32f1xx_hal_adc.o
                0x0000000008001594                ADC_ConversionStop_Disable
 .text.ADC_DMAConvCplt
                0x0000000008001608       0x7c Drivers/STM32F1xx_HAL_Driver/Src/stm32f1xx_hal_adc.o
                0x0000000008001608                ADC_DMAConvCplt
 .text.ADC_DMAHalfConvCplt
                0x0000000008001684       0x1c Drivers/STM32F1xx_HAL_Driver/Src/stm32f1xx_hal_adc.o
                0x0000000008001684                ADC_DMAHalfConvCplt
 .text.ADC_DMAError
                0x00000000080016a0       0x34 Drivers/STM32F1xx_HAL_Driver/Src/stm32f1xx_hal_adc.o
                0x00000000080016a0                ADC_DMAError
 .text.__NVIC_SetPriorityGrouping
                0x00000000080016d4       0x48 Drivers/STM32F1xx_HAL_Driver/Src/stm32f1xx_hal_cortex.o
 .text.__NVIC_GetPriorityGrouping
                0x000000000800171c       0x1c Drivers/STM32F1xx_HAL_Driver/Src/stm32f1xx_hal_cortex.o
 .text.__NVIC_EnableIRQ
                0x0000000008001738       0x38 Drivers/STM32F1xx_HAL_Driver/Src/stm32f1xx_hal_cortex.o
 .text.__NVIC_SetPriority
                0x0000000008001770       0x54 Drivers/STM32F1xx_HAL_Driver/Src/stm32f1xx_hal_cortex.o
 .text.NVIC_EncodePriority
                0x00000000080017c4       0x64 Drivers/STM32F1xx_HAL_Driver/Src/stm32f1xx_hal_cortex.o
 .text.SysTick_Config
                0x0000000008001828       0x44 Drivers/STM32F1xx_HAL_Driver/Src/stm32f1xx_hal_cortex.o
 .text.HAL_NVIC_SetPriorityGrouping
                0x000000000800186c       0x16 Drivers/STM32F1xx_HAL_Driver/Src/stm32f1xx_hal_cortex.o
                0x000000000800186c                HAL_NVIC_SetPriorityGrouping
 .text.HAL_NVIC_SetPriority
                0x0000000008001882       0x38 Drivers/STM32F1xx_HAL_Driver/Src/stm32f1xx_hal_cortex.o
                0x0000000008001882                HAL_NVIC_SetPriority
 .text.HAL_NVIC_EnableIRQ
                0x00000000080018ba       0x1c Drivers/STM32F1xx_HAL_Driver/Src/stm32f1xx_hal_cortex.o
                0x00000000080018ba                HAL_NVIC_EnableIRQ
 .text.HAL_SYSTICK_Config
                0x00000000080018d6       0x18 Drivers/STM32F1xx_HAL_Driver/Src/stm32f1xx_hal_cortex.o
                0x00000000080018d6                HAL_SYSTICK_Config
 *fill*         0x00000000080018ee        0x2 
 .text.HAL_DMA_Init
                0x00000000080018f0       0xb4 Drivers/STM32F1xx_HAL_Driver/Src/stm32f1xx_hal_dma.o
                0x00000000080018f0                HAL_DMA_Init
 .text.HAL_DMA_Start_IT
                0x00000000080019a4       0xbe Drivers/STM32F1xx_HAL_Driver/Src/stm32f1xx_hal_dma.o
                0x00000000080019a4                HAL_DMA_Start_IT
 *fill*         0x0000000008001a62        0x2 
 .text.HAL_DMA_IRQHandler
                0x0000000008001a64      0x20c Drivers/STM32F1xx_HAL_Driver/Src/stm32f1xx_hal_dma.o
                0x0000000008001a64                HAL_DMA_IRQHandler
 .text.DMA_SetConfig
                0x0000000008001c70       0x5a Drivers/STM32F1xx_HAL_Driver/Src/stm32f1xx_hal_dma.o
 *fill*         0x0000000008001cca        0x2 
 .text.HAL_GPIO_Init
                0x0000000008001ccc      0x2b4 Drivers/STM32F1xx_HAL_Driver/Src/stm32f1xx_hal_gpio.o
                0x0000000008001ccc                HAL_GPIO_Init
 .text.HAL_GPIO_WritePin
                0x0000000008001f80       0x30 Drivers/STM32F1xx_HAL_Driver/Src/stm32f1xx_hal_gpio.o
                0x0000000008001f80                HAL_GPIO_WritePin
 .text.HAL_I2C_Init
                0x0000000008001fb0      0x270 Drivers/STM32F1xx_HAL_Driver/Src/stm32f1xx_hal_i2c.o
                0x0000000008001fb0                HAL_I2C_Init
 .text.HAL_RCC_OscConfig
                0x0000000008002220      0x500 Drivers/STM32F1xx_HAL_Driver/Src/stm32f1xx_hal_rcc.o
                0x0000000008002220                HAL_RCC_OscConfig
 .text.HAL_RCC_ClockConfig
                0x0000000008002720      0x1d4 Drivers/STM32F1xx_HAL_Driver/Src/stm32f1xx_hal_rcc.o
                0x0000000008002720                HAL_RCC_ClockConfig
 .text.HAL_RCC_GetSysClockFreq
                0x00000000080028f4       0xc4 Drivers/STM32F1xx_HAL_Driver/Src/stm32f1xx_hal_rcc.o
                0x00000000080028f4                HAL_RCC_GetSysClockFreq
 .text.HAL_RCC_GetHCLKFreq
                0x00000000080029b8       0x14 Drivers/STM32F1xx_HAL_Driver/Src/stm32f1xx_hal_rcc.o
                0x00000000080029b8                HAL_RCC_GetHCLKFreq
 .text.HAL_RCC_GetPCLK1Freq
                0x00000000080029cc       0x28 Drivers/STM32F1xx_HAL_Driver/Src/stm32f1xx_hal_rcc.o
                0x00000000080029cc                HAL_RCC_GetPCLK1Freq
 .text.HAL_RCC_GetPCLK2Freq
                0x00000000080029f4       0x28 Drivers/STM32F1xx_HAL_Driver/Src/stm32f1xx_hal_rcc.o
                0x00000000080029f4                HAL_RCC_GetPCLK2Freq
 .text.RCC_Delay
                0x0000000008002a1c       0x3c Drivers/STM32F1xx_HAL_Driver/Src/stm32f1xx_hal_rcc.o
 .text.HAL_RCCEx_PeriphCLKConfig
                0x0000000008002a58      0x16c Drivers/STM32F1xx_HAL_Driver/Src/stm32f1xx_hal_rcc_ex.o
                0x0000000008002a58                HAL_RCCEx_PeriphCLKConfig
 .text.HAL_UART_Init
                0x0000000008002bc4       0x9a Drivers/STM32F1xx_HAL_Driver/Src/stm32f1xx_hal_uart.o
                0x0000000008002bc4                HAL_UART_Init
 .text.HAL_UART_Transmit
                0x0000000008002c5e      0x124 Drivers/STM32F1xx_HAL_Driver/Src/stm32f1xx_hal_uart.o
                0x0000000008002c5e                HAL_UART_Transmit
 .text.UART_WaitOnFlagUntilTimeout
                0x0000000008002d82       0x94 Drivers/STM32F1xx_HAL_Driver/Src/stm32f1xx_hal_uart.o
 *fill*         0x0000000008002e16        0x2 
 .text.UART_SetConfig
                0x0000000008002e18      0x11c Drivers/STM32F1xx_HAL_Driver/Src/stm32f1xx_hal_uart.o
 .text.__errno  0x0000000008002f34        0xc c:/program files/stm32cubeide_1.5.0/stm32cubeide/plugins/com.st.stm32cube.ide.mcu.externaltools.gnu-tools-for-stm32.7-2018-q2-update.win32_1.5.0.202011040924/tools/bin/../lib/gcc/arm-none-eabi/7.3.1/../../../../arm-none-eabi/lib/thumb/v7-m\libc_nano.a(lib_a-errno.o)
                0x0000000008002f34                __errno
 .text.__libc_init_array
                0x0000000008002f40       0x48 c:/program files/stm32cubeide_1.5.0/stm32cubeide/plugins/com.st.stm32cube.ide.mcu.externaltools.gnu-tools-for-stm32.7-2018-q2-update.win32_1.5.0.202011040924/tools/bin/../lib/gcc/arm-none-eabi/7.3.1/../../../../arm-none-eabi/lib/thumb/v7-m\libc_nano.a(lib_a-init.o)
                0x0000000008002f40                __libc_init_array
 .text.memset   0x0000000008002f88       0x10 c:/program files/stm32cubeide_1.5.0/stm32cubeide/plugins/com.st.stm32cube.ide.mcu.externaltools.gnu-tools-for-stm32.7-2018-q2-update.win32_1.5.0.202011040924/tools/bin/../lib/gcc/arm-none-eabi/7.3.1/../../../../arm-none-eabi/lib/thumb/v7-m\libc_nano.a(lib_a-memset.o)
                0x0000000008002f88                memset
 .text.sprintf  0x0000000008002f98       0x40 c:/program files/stm32cubeide_1.5.0/stm32cubeide/plugins/com.st.stm32cube.ide.mcu.externaltools.gnu-tools-for-stm32.7-2018-q2-update.win32_1.5.0.202011040924/tools/bin/../lib/gcc/arm-none-eabi/7.3.1/../../../../arm-none-eabi/lib/thumb/v7-m\libc_nano.a(lib_a-sprintf.o)
                0x0000000008002f98                siprintf
                0x0000000008002f98                sprintf
 .text.__ssputs_r
                0x0000000008002fd8       0xb4 c:/program files/stm32cubeide_1.5.0/stm32cubeide/plugins/com.st.stm32cube.ide.mcu.externaltools.gnu-tools-for-stm32.7-2018-q2-update.win32_1.5.0.202011040924/tools/bin/../lib/gcc/arm-none-eabi/7.3.1/../../../../arm-none-eabi/lib/thumb/v7-m\libc_nano.a(lib_a-nano-svfprintf.o)
                0x0000000008002fd8                __ssputs_r
 .text._svfprintf_r
                0x000000000800308c      0x1f0 c:/program files/stm32cubeide_1.5.0/stm32cubeide/plugins/com.st.stm32cube.ide.mcu.externaltools.gnu-tools-for-stm32.7-2018-q2-update.win32_1.5.0.202011040924/tools/bin/../lib/gcc/arm-none-eabi/7.3.1/../../../../arm-none-eabi/lib/thumb/v7-m\libc_nano.a(lib_a-nano-svfprintf.o)
                0x000000000800308c                _svfiprintf_r
                0x000000000800308c                _svfprintf_r
 .text._printf_common
                0x000000000800327c       0xec c:/program files/stm32cubeide_1.5.0/stm32cubeide/plugins/com.st.stm32cube.ide.mcu.externaltools.gnu-tools-for-stm32.7-2018-q2-update.win32_1.5.0.202011040924/tools/bin/../lib/gcc/arm-none-eabi/7.3.1/../../../../arm-none-eabi/lib/thumb/v7-m\libc_nano.a(lib_a-nano-vfprintf_i.o)
                0x000000000800327c                _printf_common
 .text._printf_i
                0x0000000008003368      0x224 c:/program files/stm32cubeide_1.5.0/stm32cubeide/plugins/com.st.stm32cube.ide.mcu.externaltools.gnu-tools-for-stm32.7-2018-q2-update.win32_1.5.0.202011040924/tools/bin/../lib/gcc/arm-none-eabi/7.3.1/../../../../arm-none-eabi/lib/thumb/v7-m\libc_nano.a(lib_a-nano-vfprintf_i.o)
                0x0000000008003368                _printf_i
 .text.memchr   0x000000000800358c       0x1c c:/program files/stm32cubeide_1.5.0/stm32cubeide/plugins/com.st.stm32cube.ide.mcu.externaltools.gnu-tools-for-stm32.7-2018-q2-update.win32_1.5.0.202011040924/tools/bin/../lib/gcc/arm-none-eabi/7.3.1/../../../../arm-none-eabi/lib/thumb/v7-m\libc_nano.a(lib_a-memchr-stub.o)
                0x000000000800358c                memchr
 .text.memcpy   0x00000000080035a8       0x16 c:/program files/stm32cubeide_1.5.0/stm32cubeide/plugins/com.st.stm32cube.ide.mcu.externaltools.gnu-tools-for-stm32.7-2018-q2-update.win32_1.5.0.202011040924/tools/bin/../lib/gcc/arm-none-eabi/7.3.1/../../../../arm-none-eabi/lib/thumb/v7-m\libc_nano.a(lib_a-memcpy-stub.o)
                0x00000000080035a8                memcpy
 .text.memmove  0x00000000080035be       0x32 c:/program files/stm32cubeide_1.5.0/stm32cubeide/plugins/com.st.stm32cube.ide.mcu.externaltools.gnu-tools-for-stm32.7-2018-q2-update.win32_1.5.0.202011040924/tools/bin/../lib/gcc/arm-none-eabi/7.3.1/../../../../arm-none-eabi/lib/thumb/v7-m\libc_nano.a(lib_a-memmove.o)
                0x00000000080035be                memmove
 .text._free_r  0x00000000080035f0       0x98 c:/program files/stm32cubeide_1.5.0/stm32cubeide/plugins/com.st.stm32cube.ide.mcu.externaltools.gnu-tools-for-stm32.7-2018-q2-update.win32_1.5.0.202011040924/tools/bin/../lib/gcc/arm-none-eabi/7.3.1/../../../../arm-none-eabi/lib/thumb/v7-m\libc_nano.a(lib_a-nano-freer.o)
                0x00000000080035f0                _free_r
 .text._malloc_r
                0x0000000008003688       0xb4 c:/program files/stm32cubeide_1.5.0/stm32cubeide/plugins/com.st.stm32cube.ide.mcu.externaltools.gnu-tools-for-stm32.7-2018-q2-update.win32_1.5.0.202011040924/tools/bin/../lib/gcc/arm-none-eabi/7.3.1/../../../../arm-none-eabi/lib/thumb/v7-m\libc_nano.a(lib_a-nano-mallocr.o)
                0x0000000008003688                _malloc_r
 .text._realloc_r
                0x000000000800373c       0x4c c:/program files/stm32cubeide_1.5.0/stm32cubeide/plugins/com.st.stm32cube.ide.mcu.externaltools.gnu-tools-for-stm32.7-2018-q2-update.win32_1.5.0.202011040924/tools/bin/../lib/gcc/arm-none-eabi/7.3.1/../../../../arm-none-eabi/lib/thumb/v7-m\libc_nano.a(lib_a-nano-reallocr.o)
                0x000000000800373c                _realloc_r
 .text._sbrk_r  0x0000000008003788       0x20 c:/program files/stm32cubeide_1.5.0/stm32cubeide/plugins/com.st.stm32cube.ide.mcu.externaltools.gnu-tools-for-stm32.7-2018-q2-update.win32_1.5.0.202011040924/tools/bin/../lib/gcc/arm-none-eabi/7.3.1/../../../../arm-none-eabi/lib/thumb/v7-m\libc_nano.a(lib_a-sbrkr.o)
                0x0000000008003788                _sbrk_r
 .text.__malloc_lock
                0x00000000080037a8        0x2 c:/program files/stm32cubeide_1.5.0/stm32cubeide/plugins/com.st.stm32cube.ide.mcu.externaltools.gnu-tools-for-stm32.7-2018-q2-update.win32_1.5.0.202011040924/tools/bin/../lib/gcc/arm-none-eabi/7.3.1/../../../../arm-none-eabi/lib/thumb/v7-m\libc_nano.a(lib_a-mlock.o)
                0x00000000080037a8                __malloc_lock
 .text.__malloc_unlock
                0x00000000080037aa        0x2 c:/program files/stm32cubeide_1.5.0/stm32cubeide/plugins/com.st.stm32cube.ide.mcu.externaltools.gnu-tools-for-stm32.7-2018-q2-update.win32_1.5.0.202011040924/tools/bin/../lib/gcc/arm-none-eabi/7.3.1/../../../../arm-none-eabi/lib/thumb/v7-m\libc_nano.a(lib_a-mlock.o)
                0x00000000080037aa                __malloc_unlock
 .text._malloc_usable_size_r
                0x00000000080037ac       0x10 c:/program files/stm32cubeide_1.5.0/stm32cubeide/plugins/com.st.stm32cube.ide.mcu.externaltools.gnu-tools-for-stm32.7-2018-q2-update.win32_1.5.0.202011040924/tools/bin/../lib/gcc/arm-none-eabi/7.3.1/../../../../arm-none-eabi/lib/thumb/v7-m\libc_nano.a(lib_a-nano-msizer.o)
                0x00000000080037ac                _malloc_usable_size_r
 *(.glue_7)
 .glue_7        0x00000000080037bc        0x0 linker stubs
 *(.glue_7t)
 .glue_7t       0x00000000080037bc        0x0 linker stubs
 *(.eh_frame)
 .eh_frame      0x00000000080037bc        0x0 c:/program files/stm32cubeide_1.5.0/stm32cubeide/plugins/com.st.stm32cube.ide.mcu.externaltools.gnu-tools-for-stm32.7-2018-q2-update.win32_1.5.0.202011040924/tools/bin/../lib/gcc/arm-none-eabi/7.3.1/thumb/v7-m/crtbegin.o
 *(.init)
 .init          0x00000000080037bc        0x4 c:/program files/stm32cubeide_1.5.0/stm32cubeide/plugins/com.st.stm32cube.ide.mcu.externaltools.gnu-tools-for-stm32.7-2018-q2-update.win32_1.5.0.202011040924/tools/bin/../lib/gcc/arm-none-eabi/7.3.1/thumb/v7-m/crti.o
                0x00000000080037bc                _init
 .init          0x00000000080037c0        0x8 c:/program files/stm32cubeide_1.5.0/stm32cubeide/plugins/com.st.stm32cube.ide.mcu.externaltools.gnu-tools-for-stm32.7-2018-q2-update.win32_1.5.0.202011040924/tools/bin/../lib/gcc/arm-none-eabi/7.3.1/thumb/v7-m/crtn.o
 *(.fini)
 .fini          0x00000000080037c8        0x4 c:/program files/stm32cubeide_1.5.0/stm32cubeide/plugins/com.st.stm32cube.ide.mcu.externaltools.gnu-tools-for-stm32.7-2018-q2-update.win32_1.5.0.202011040924/tools/bin/../lib/gcc/arm-none-eabi/7.3.1/thumb/v7-m/crti.o
                0x00000000080037c8                _fini
 .fini          0x00000000080037cc        0x8 c:/program files/stm32cubeide_1.5.0/stm32cubeide/plugins/com.st.stm32cube.ide.mcu.externaltools.gnu-tools-for-stm32.7-2018-q2-update.win32_1.5.0.202011040924/tools/bin/../lib/gcc/arm-none-eabi/7.3.1/thumb/v7-m/crtn.o
                0x00000000080037d4                . = ALIGN (0x4)
                0x00000000080037d4                _etext = .

.vfp11_veneer   0x00000000080037d4        0x0
 .vfp11_veneer  0x00000000080037d4        0x0 linker stubs

.v4_bx          0x00000000080037d4        0x0
 .v4_bx         0x00000000080037d4        0x0 linker stubs

.iplt           0x00000000080037d4        0x0
 .iplt          0x00000000080037d4        0x0 c:/program files/stm32cubeide_1.5.0/stm32cubeide/plugins/com.st.stm32cube.ide.mcu.externaltools.gnu-tools-for-stm32.7-2018-q2-update.win32_1.5.0.202011040924/tools/bin/../lib/gcc/arm-none-eabi/7.3.1/thumb/v7-m/crtbegin.o

.rodata         0x00000000080037d4       0x94
                0x00000000080037d4                . = ALIGN (0x4)
 *(.rodata)
 .rodata        0x00000000080037d4       0x32 Core/Src/main.o
 *fill*         0x0000000008003806        0x2 
 .rodata        0x0000000008003808       0x12 Drivers/STM32F1xx_HAL_Driver/Src/stm32f1xx_hal_rcc.o
 *(.rodata*)
 *fill*         0x000000000800381a        0x2 
 .rodata.AHBPrescTable
                0x000000000800381c       0x10 Core/Src/system_stm32f1xx.o
                0x000000000800381c                AHBPrescTable
 .rodata.APBPrescTable
                0x000000000800382c        0x8 Core/Src/system_stm32f1xx.o
                0x000000000800382c                APBPrescTable
 .rodata._svfprintf_r.str1.1
                0x0000000008003834       0x11 c:/program files/stm32cubeide_1.5.0/stm32cubeide/plugins/com.st.stm32cube.ide.mcu.externaltools.gnu-tools-for-stm32.7-2018-q2-update.win32_1.5.0.202011040924/tools/bin/../lib/gcc/arm-none-eabi/7.3.1/../../../../arm-none-eabi/lib/thumb/v7-m\libc_nano.a(lib_a-nano-svfprintf.o)
 .rodata._printf_i.str1.1
                0x0000000008003845       0x22 c:/program files/stm32cubeide_1.5.0/stm32cubeide/plugins/com.st.stm32cube.ide.mcu.externaltools.gnu-tools-for-stm32.7-2018-q2-update.win32_1.5.0.202011040924/tools/bin/../lib/gcc/arm-none-eabi/7.3.1/../../../../arm-none-eabi/lib/thumb/v7-m\libc_nano.a(lib_a-nano-vfprintf_i.o)
                0x0000000008003868                . = ALIGN (0x4)
 *fill*         0x0000000008003867        0x1 

.rel.dyn        0x0000000008003868        0x0
 .rel.iplt      0x0000000008003868        0x0 c:/program files/stm32cubeide_1.5.0/stm32cubeide/plugins/com.st.stm32cube.ide.mcu.externaltools.gnu-tools-for-stm32.7-2018-q2-update.win32_1.5.0.202011040924/tools/bin/../lib/gcc/arm-none-eabi/7.3.1/thumb/v7-m/crtbegin.o

.ARM.extab      0x0000000008003868        0x0
                0x0000000008003868                . = ALIGN (0x4)
 *(.ARM.extab* .gnu.linkonce.armextab.*)
                0x0000000008003868                . = ALIGN (0x4)

.ARM            0x0000000008003868        0x0
                0x0000000008003868                . = ALIGN (0x4)
                0x0000000008003868                __exidx_start = .
 *(.ARM.exidx*)
                0x0000000008003868                __exidx_end = .
                0x0000000008003868                . = ALIGN (0x4)

.preinit_array  0x0000000008003868        0x0
                0x0000000008003868                . = ALIGN (0x4)
                0x0000000008003868                PROVIDE (__preinit_array_start = .)
 *(.preinit_array*)
                0x0000000008003868                PROVIDE (__preinit_array_end = .)
                0x0000000008003868                . = ALIGN (0x4)

.init_array     0x0000000008003868        0x4
                0x0000000008003868                . = ALIGN (0x4)
                0x0000000008003868                PROVIDE (__init_array_start = .)
 *(SORT_BY_NAME(.init_array.*))
 *(.init_array*)
 .init_array    0x0000000008003868        0x4 c:/program files/stm32cubeide_1.5.0/stm32cubeide/plugins/com.st.stm32cube.ide.mcu.externaltools.gnu-tools-for-stm32.7-2018-q2-update.win32_1.5.0.202011040924/tools/bin/../lib/gcc/arm-none-eabi/7.3.1/thumb/v7-m/crtbegin.o
                0x000000000800386c                PROVIDE (__init_array_end = .)
                0x000000000800386c                . = ALIGN (0x4)

.fini_array     0x000000000800386c        0x4
                0x000000000800386c                . = ALIGN (0x4)
                [!provide]                        PROVIDE (__fini_array_start = .)
 *(SORT_BY_NAME(.fini_array.*))
 *(.fini_array*)
 .fini_array    0x000000000800386c        0x4 c:/program files/stm32cubeide_1.5.0/stm32cubeide/plugins/com.st.stm32cube.ide.mcu.externaltools.gnu-tools-for-stm32.7-2018-q2-update.win32_1.5.0.202011040924/tools/bin/../lib/gcc/arm-none-eabi/7.3.1/thumb/v7-m/crtbegin.o
                [!provide]                        PROVIDE (__fini_array_end = .)
                0x0000000008003870                . = ALIGN (0x4)
                0x0000000008003870                _sidata = LOADADDR (.data)

.data           0x0000000020000000       0x84 load address 0x0000000008003870
                0x0000000020000000                . = ALIGN (0x4)
                0x0000000020000000                _sdata = .
 *(.data)
 *(.data*)
 .data.pot      0x0000000020000000       0x10 Core/Src/main.o
                0x0000000020000000                pot
 .data.adc_sensors
                0x0000000020000010        0x4 Core/Src/main.o
                0x0000000020000010                adc_sensors
 .data.SystemCoreClock
                0x0000000020000014        0x4 Core/Src/system_stm32f1xx.o
                0x0000000020000014                SystemCoreClock
 .data.uwTickPrio
                0x0000000020000018        0x4 Drivers/STM32F1xx_HAL_Driver/Src/stm32f1xx_hal.o
                0x0000000020000018                uwTickPrio
 .data.uwTickFreq
                0x000000002000001c        0x1 Drivers/STM32F1xx_HAL_Driver/Src/stm32f1xx_hal.o
                0x000000002000001c                uwTickFreq
 *fill*         0x000000002000001d        0x3 
 .data._impure_ptr
                0x0000000020000020        0x4 c:/program files/stm32cubeide_1.5.0/stm32cubeide/plugins/com.st.stm32cube.ide.mcu.externaltools.gnu-tools-for-stm32.7-2018-q2-update.win32_1.5.0.202011040924/tools/bin/../lib/gcc/arm-none-eabi/7.3.1/../../../../arm-none-eabi/lib/thumb/v7-m\libc_nano.a(lib_a-impure.o)
                0x0000000020000020                _impure_ptr
 .data.impure_data
                0x0000000020000024       0x60 c:/program files/stm32cubeide_1.5.0/stm32cubeide/plugins/com.st.stm32cube.ide.mcu.externaltools.gnu-tools-for-stm32.7-2018-q2-update.win32_1.5.0.202011040924/tools/bin/../lib/gcc/arm-none-eabi/7.3.1/../../../../arm-none-eabi/lib/thumb/v7-m\libc_nano.a(lib_a-impure.o)
 *(.RamFunc)
 *(.RamFunc*)
                0x0000000020000084                . = ALIGN (0x4)
                0x0000000020000084                _edata = .

.igot.plt       0x0000000020000084        0x0 load address 0x00000000080038f4
 .igot.plt      0x0000000020000084        0x0 c:/program files/stm32cubeide_1.5.0/stm32cubeide/plugins/com.st.stm32cube.ide.mcu.externaltools.gnu-tools-for-stm32.7-2018-q2-update.win32_1.5.0.202011040924/tools/bin/../lib/gcc/arm-none-eabi/7.3.1/thumb/v7-m/crtbegin.o
                0x0000000020000084                . = ALIGN (0x4)

.bss            0x0000000020000084      0x184 load address 0x00000000080038f4
                0x0000000020000084                _sbss = .
                0x0000000020000084                __bss_start__ = _sbss
 *(.bss)
 .bss           0x0000000020000084       0x1c c:/program files/stm32cubeide_1.5.0/stm32cubeide/plugins/com.st.stm32cube.ide.mcu.externaltools.gnu-tools-for-stm32.7-2018-q2-update.win32_1.5.0.202011040924/tools/bin/../lib/gcc/arm-none-eabi/7.3.1/thumb/v7-m/crtbegin.o
 *(.bss*)
 .bss.count     0x00000000200000a0        0x4 Core/Src/main.o
                0x00000000200000a0                count
 .bss.__sbrk_heap_end
                0x00000000200000a4        0x4 Core/Src/sysmem.o
 .bss.__malloc_free_list
                0x00000000200000a8        0x4 c:/program files/stm32cubeide_1.5.0/stm32cubeide/plugins/com.st.stm32cube.ide.mcu.externaltools.gnu-tools-for-stm32.7-2018-q2-update.win32_1.5.0.202011040924/tools/bin/../lib/gcc/arm-none-eabi/7.3.1/../../../../arm-none-eabi/lib/thumb/v7-m\libc_nano.a(lib_a-nano-mallocr.o)
                0x00000000200000a8                __malloc_free_list
 .bss.__malloc_sbrk_start
                0x00000000200000ac        0x4 c:/program files/stm32cubeide_1.5.0/stm32cubeide/plugins/com.st.stm32cube.ide.mcu.externaltools.gnu-tools-for-stm32.7-2018-q2-update.win32_1.5.0.202011040924/tools/bin/../lib/gcc/arm-none-eabi/7.3.1/../../../../arm-none-eabi/lib/thumb/v7-m\libc_nano.a(lib_a-nano-mallocr.o)
                0x00000000200000ac                __malloc_sbrk_start
 *(COMMON)
 COMMON         0x00000000200000b0      0x150 Core/Src/main.o
                0x00000000200000b0                hi2c1
                0x0000000020000104                msg
                0x0000000020000138                hadc1
                0x0000000020000168                huart1
                0x00000000200001a8                hdma_adc1
                0x00000000200001ec                adc1_val
 COMMON         0x0000000020000200        0x4 Drivers/STM32F1xx_HAL_Driver/Src/stm32f1xx_hal.o
                0x0000000020000200                uwTick
 COMMON         0x0000000020000204        0x4 c:/program files/stm32cubeide_1.5.0/stm32cubeide/plugins/com.st.stm32cube.ide.mcu.externaltools.gnu-tools-for-stm32.7-2018-q2-update.win32_1.5.0.202011040924/tools/bin/../lib/gcc/arm-none-eabi/7.3.1/../../../../arm-none-eabi/lib/thumb/v7-m\libc_nano.a(lib_a-reent.o)
                0x0000000020000204                errno
                0x0000000020000208                . = ALIGN (0x4)
                0x0000000020000208                _ebss = .
                0x0000000020000208                __bss_end__ = _ebss

._user_heap_stack
                0x0000000020000208      0x600 load address 0x00000000080038f4
                0x0000000020000208                . = ALIGN (0x8)
                [!provide]                        PROVIDE (end = .)
                0x0000000020000208                PROVIDE (_end = .)
                0x0000000020000408                . = (. + _Min_Heap_Size)
 *fill*         0x0000000020000208      0x200 
                0x0000000020000808                . = (. + _Min_Stack_Size)
 *fill*         0x0000000020000408      0x400 
                0x0000000020000808                . = ALIGN (0x8)

/DISCARD/
 libc.a(*)
 libm.a(*)
 libgcc.a(*)

.ARM.attributes
                0x0000000000000000       0x29
 *(.ARM.attributes)
 .ARM.attributes
                0x0000000000000000       0x1d c:/program files/stm32cubeide_1.5.0/stm32cubeide/plugins/com.st.stm32cube.ide.mcu.externaltools.gnu-tools-for-stm32.7-2018-q2-update.win32_1.5.0.202011040924/tools/bin/../lib/gcc/arm-none-eabi/7.3.1/thumb/v7-m/crti.o
 .ARM.attributes
                0x000000000000001d       0x2d c:/program files/stm32cubeide_1.5.0/stm32cubeide/plugins/com.st.stm32cube.ide.mcu.externaltools.gnu-tools-for-stm32.7-2018-q2-update.win32_1.5.0.202011040924/tools/bin/../lib/gcc/arm-none-eabi/7.3.1/thumb/v7-m/crtbegin.o
 .ARM.attributes
                0x000000000000004a       0x33 Core/Src/main.o
 .ARM.attributes
                0x000000000000007d       0x33 Core/Src/stm32f1xx_hal_msp.o
 .ARM.attributes
                0x00000000000000b0       0x33 Core/Src/stm32f1xx_it.o
 .ARM.attributes
                0x00000000000000e3       0x33 Core/Src/sysmem.o
 .ARM.attributes
                0x0000000000000116       0x33 Core/Src/system_stm32f1xx.o
 .ARM.attributes
                0x0000000000000149       0x21 Core/Startup/startup_stm32f103c8tx.o
 .ARM.attributes
                0x000000000000016a       0x33 Drivers/STM32F1xx_HAL_Driver/Src/stm32f1xx_hal.o
 .ARM.attributes
                0x000000000000019d       0x33 Drivers/STM32F1xx_HAL_Driver/Src/stm32f1xx_hal_adc.o
 .ARM.attributes
                0x00000000000001d0       0x33 Drivers/STM32F1xx_HAL_Driver/Src/stm32f1xx_hal_cortex.o
 .ARM.attributes
                0x0000000000000203       0x33 Drivers/STM32F1xx_HAL_Driver/Src/stm32f1xx_hal_dma.o
 .ARM.attributes
                0x0000000000000236       0x33 Drivers/STM32F1xx_HAL_Driver/Src/stm32f1xx_hal_gpio.o
 .ARM.attributes
                0x0000000000000269       0x33 Drivers/STM32F1xx_HAL_Driver/Src/stm32f1xx_hal_i2c.o
 .ARM.attributes
                0x000000000000029c       0x33 Drivers/STM32F1xx_HAL_Driver/Src/stm32f1xx_hal_rcc.o
 .ARM.attributes
                0x00000000000002cf       0x33 Drivers/STM32F1xx_HAL_Driver/Src/stm32f1xx_hal_rcc_ex.o
 .ARM.attributes
                0x0000000000000302       0x33 Drivers/STM32F1xx_HAL_Driver/Src/stm32f1xx_hal_uart.o
 .ARM.attributes
                0x0000000000000335       0x2d c:/program files/stm32cubeide_1.5.0/stm32cubeide/plugins/com.st.stm32cube.ide.mcu.externaltools.gnu-tools-for-stm32.7-2018-q2-update.win32_1.5.0.202011040924/tools/bin/../lib/gcc/arm-none-eabi/7.3.1/../../../../arm-none-eabi/lib/thumb/v7-m\libc_nano.a(lib_a-errno.o)
 .ARM.attributes
                0x0000000000000362       0x2d c:/program files/stm32cubeide_1.5.0/stm32cubeide/plugins/com.st.stm32cube.ide.mcu.externaltools.gnu-tools-for-stm32.7-2018-q2-update.win32_1.5.0.202011040924/tools/bin/../lib/gcc/arm-none-eabi/7.3.1/../../../../arm-none-eabi/lib/thumb/v7-m\libc_nano.a(lib_a-impure.o)
 .ARM.attributes
                0x000000000000038f       0x2d c:/program files/stm32cubeide_1.5.0/stm32cubeide/plugins/com.st.stm32cube.ide.mcu.externaltools.gnu-tools-for-stm32.7-2018-q2-update.win32_1.5.0.202011040924/tools/bin/../lib/gcc/arm-none-eabi/7.3.1/../../../../arm-none-eabi/lib/thumb/v7-m\libc_nano.a(lib_a-init.o)
 .ARM.attributes
                0x00000000000003bc       0x2d c:/program files/stm32cubeide_1.5.0/stm32cubeide/plugins/com.st.stm32cube.ide.mcu.externaltools.gnu-tools-for-stm32.7-2018-q2-update.win32_1.5.0.202011040924/tools/bin/../lib/gcc/arm-none-eabi/7.3.1/../../../../arm-none-eabi/lib/thumb/v7-m\libc_nano.a(lib_a-memset.o)
 .ARM.attributes
                0x00000000000003e9       0x2d c:/program files/stm32cubeide_1.5.0/stm32cubeide/plugins/com.st.stm32cube.ide.mcu.externaltools.gnu-tools-for-stm32.7-2018-q2-update.win32_1.5.0.202011040924/tools/bin/../lib/gcc/arm-none-eabi/7.3.1/../../../../arm-none-eabi/lib/thumb/v7-m\libc_nano.a(lib_a-sprintf.o)
 .ARM.attributes
                0x0000000000000416       0x17 c:/program files/stm32cubeide_1.5.0/stm32cubeide/plugins/com.st.stm32cube.ide.mcu.externaltools.gnu-tools-for-stm32.7-2018-q2-update.win32_1.5.0.202011040924/tools/bin/../lib/gcc/arm-none-eabi/7.3.1/../../../../arm-none-eabi/lib/thumb/v7-m\libc_nano.a(lib_a-strlen.o)
 .ARM.attributes
                0x000000000000042d       0x2d c:/program files/stm32cubeide_1.5.0/stm32cubeide/plugins/com.st.stm32cube.ide.mcu.externaltools.gnu-tools-for-stm32.7-2018-q2-update.win32_1.5.0.202011040924/tools/bin/../lib/gcc/arm-none-eabi/7.3.1/../../../../arm-none-eabi/lib/thumb/v7-m\libc_nano.a(lib_a-nano-svfprintf.o)
 .ARM.attributes
                0x000000000000045a       0x2d c:/program files/stm32cubeide_1.5.0/stm32cubeide/plugins/com.st.stm32cube.ide.mcu.externaltools.gnu-tools-for-stm32.7-2018-q2-update.win32_1.5.0.202011040924/tools/bin/../lib/gcc/arm-none-eabi/7.3.1/../../../../arm-none-eabi/lib/thumb/v7-m\libc_nano.a(lib_a-nano-vfprintf_i.o)
 .ARM.attributes
                0x0000000000000487       0x2d c:/program files/stm32cubeide_1.5.0/stm32cubeide/plugins/com.st.stm32cube.ide.mcu.externaltools.gnu-tools-for-stm32.7-2018-q2-update.win32_1.5.0.202011040924/tools/bin/../lib/gcc/arm-none-eabi/7.3.1/../../../../arm-none-eabi/lib/thumb/v7-m\libc_nano.a(lib_a-memchr-stub.o)
 .ARM.attributes
                0x00000000000004b4       0x2d c:/program files/stm32cubeide_1.5.0/stm32cubeide/plugins/com.st.stm32cube.ide.mcu.externaltools.gnu-tools-for-stm32.7-2018-q2-update.win32_1.5.0.202011040924/tools/bin/../lib/gcc/arm-none-eabi/7.3.1/../../../../arm-none-eabi/lib/thumb/v7-m\libc_nano.a(lib_a-memcpy-stub.o)
 .ARM.attributes
                0x00000000000004e1       0x2d c:/program files/stm32cubeide_1.5.0/stm32cubeide/plugins/com.st.stm32cube.ide.mcu.externaltools.gnu-tools-for-stm32.7-2018-q2-update.win32_1.5.0.202011040924/tools/bin/../lib/gcc/arm-none-eabi/7.3.1/../../../../arm-none-eabi/lib/thumb/v7-m\libc_nano.a(lib_a-memmove.o)
 .ARM.attributes
                0x000000000000050e       0x2d c:/program files/stm32cubeide_1.5.0/stm32cubeide/plugins/com.st.stm32cube.ide.mcu.externaltools.gnu-tools-for-stm32.7-2018-q2-update.win32_1.5.0.202011040924/tools/bin/../lib/gcc/arm-none-eabi/7.3.1/../../../../arm-none-eabi/lib/thumb/v7-m\libc_nano.a(lib_a-nano-freer.o)
 .ARM.attributes
                0x000000000000053b       0x2d c:/program files/stm32cubeide_1.5.0/stm32cubeide/plugins/com.st.stm32cube.ide.mcu.externaltools.gnu-tools-for-stm32.7-2018-q2-update.win32_1.5.0.202011040924/tools/bin/../lib/gcc/arm-none-eabi/7.3.1/../../../../arm-none-eabi/lib/thumb/v7-m\libc_nano.a(lib_a-nano-mallocr.o)
 .ARM.attributes
                0x0000000000000568       0x2d c:/program files/stm32cubeide_1.5.0/stm32cubeide/plugins/com.st.stm32cube.ide.mcu.externaltools.gnu-tools-for-stm32.7-2018-q2-update.win32_1.5.0.202011040924/tools/bin/../lib/gcc/arm-none-eabi/7.3.1/../../../../arm-none-eabi/lib/thumb/v7-m\libc_nano.a(lib_a-nano-reallocr.o)
 .ARM.attributes
                0x0000000000000595       0x2d c:/program files/stm32cubeide_1.5.0/stm32cubeide/plugins/com.st.stm32cube.ide.mcu.externaltools.gnu-tools-for-stm32.7-2018-q2-update.win32_1.5.0.202011040924/tools/bin/../lib/gcc/arm-none-eabi/7.3.1/../../../../arm-none-eabi/lib/thumb/v7-m\libc_nano.a(lib_a-sbrkr.o)
 .ARM.attributes
                0x00000000000005c2       0x2d c:/program files/stm32cubeide_1.5.0/stm32cubeide/plugins/com.st.stm32cube.ide.mcu.externaltools.gnu-tools-for-stm32.7-2018-q2-update.win32_1.5.0.202011040924/tools/bin/../lib/gcc/arm-none-eabi/7.3.1/../../../../arm-none-eabi/lib/thumb/v7-m\libc_nano.a(lib_a-mlock.o)
 .ARM.attributes
                0x00000000000005ef       0x2d c:/program files/stm32cubeide_1.5.0/stm32cubeide/plugins/com.st.stm32cube.ide.mcu.externaltools.gnu-tools-for-stm32.7-2018-q2-update.win32_1.5.0.202011040924/tools/bin/../lib/gcc/arm-none-eabi/7.3.1/../../../../arm-none-eabi/lib/thumb/v7-m\libc_nano.a(lib_a-nano-msizer.o)
 .ARM.attributes
                0x000000000000061c       0x2d c:/program files/stm32cubeide_1.5.0/stm32cubeide/plugins/com.st.stm32cube.ide.mcu.externaltools.gnu-tools-for-stm32.7-2018-q2-update.win32_1.5.0.202011040924/tools/bin/../lib/gcc/arm-none-eabi/7.3.1/../../../../arm-none-eabi/lib/thumb/v7-m\libc_nano.a(lib_a-reent.o)
 .ARM.attributes
                0x0000000000000649       0x1d c:/program files/stm32cubeide_1.5.0/stm32cubeide/plugins/com.st.stm32cube.ide.mcu.externaltools.gnu-tools-for-stm32.7-2018-q2-update.win32_1.5.0.202011040924/tools/bin/../lib/gcc/arm-none-eabi/7.3.1/thumb/v7-m\libgcc.a(_arm_addsubsf3.o)
 .ARM.attributes
                0x0000000000000666       0x1d c:/program files/stm32cubeide_1.5.0/stm32cubeide/plugins/com.st.stm32cube.ide.mcu.externaltools.gnu-tools-for-stm32.7-2018-q2-update.win32_1.5.0.202011040924/tools/bin/../lib/gcc/arm-none-eabi/7.3.1/thumb/v7-m\libgcc.a(_arm_muldivsf3.o)
 .ARM.attributes
                0x0000000000000683       0x1d c:/program files/stm32cubeide_1.5.0/stm32cubeide/plugins/com.st.stm32cube.ide.mcu.externaltools.gnu-tools-for-stm32.7-2018-q2-update.win32_1.5.0.202011040924/tools/bin/../lib/gcc/arm-none-eabi/7.3.1/thumb/v7-m\libgcc.a(_arm_fixsfsi.o)
 .ARM.attributes
                0x00000000000006a0       0x1d c:/program files/stm32cubeide_1.5.0/stm32cubeide/plugins/com.st.stm32cube.ide.mcu.externaltools.gnu-tools-for-stm32.7-2018-q2-update.win32_1.5.0.202011040924/tools/bin/../lib/gcc/arm-none-eabi/7.3.1/thumb/v7-m/crtn.o
OUTPUT(STM32F103C8-BluePill-Testing.elf elf32-littlearm)

.debug_info     0x0000000000000000     0xa9ce
 .debug_info    0x0000000000000000     0x1a8e Core/Src/main.o
 .debug_info    0x0000000000001a8e      0xdf4 Core/Src/stm32f1xx_hal_msp.o
 .debug_info    0x0000000000002882      0x42b Core/Src/stm32f1xx_it.o
 .debug_info    0x0000000000002cad      0x985 Core/Src/sysmem.o
 .debug_info    0x0000000000003632      0x29a Core/Src/system_stm32f1xx.o
 .debug_info    0x00000000000038cc       0x22 Core/Startup/startup_stm32f103c8tx.o
 .debug_info    0x00000000000038ee      0x714 Drivers/STM32F1xx_HAL_Driver/Src/stm32f1xx_hal.o
 .debug_info    0x0000000000004002      0xc6c Drivers/STM32F1xx_HAL_Driver/Src/stm32f1xx_hal_adc.o
 .debug_info    0x0000000000004c6e      0xb51 Drivers/STM32F1xx_HAL_Driver/Src/stm32f1xx_hal_cortex.o
 .debug_info    0x00000000000057bf      0x7b1 Drivers/STM32F1xx_HAL_Driver/Src/stm32f1xx_hal_dma.o
 .debug_info    0x0000000000005f70      0x69b Drivers/STM32F1xx_HAL_Driver/Src/stm32f1xx_hal_gpio.o
 .debug_info    0x000000000000660b     0x2555 Drivers/STM32F1xx_HAL_Driver/Src/stm32f1xx_hal_i2c.o
 .debug_info    0x0000000000008b60      0x80f Drivers/STM32F1xx_HAL_Driver/Src/stm32f1xx_hal_rcc.o
 .debug_info    0x000000000000936f      0x444 Drivers/STM32F1xx_HAL_Driver/Src/stm32f1xx_hal_rcc_ex.o
 .debug_info    0x00000000000097b3     0x121b Drivers/STM32F1xx_HAL_Driver/Src/stm32f1xx_hal_uart.o

.debug_abbrev   0x0000000000000000     0x1b4d
 .debug_abbrev  0x0000000000000000      0x2ed Core/Src/main.o
 .debug_abbrev  0x00000000000002ed      0x1b5 Core/Src/stm32f1xx_hal_msp.o
 .debug_abbrev  0x00000000000004a2      0x149 Core/Src/stm32f1xx_it.o
 .debug_abbrev  0x00000000000005eb      0x19b Core/Src/sysmem.o
 .debug_abbrev  0x0000000000000786      0x134 Core/Src/system_stm32f1xx.o
 .debug_abbrev  0x00000000000008ba       0x12 Core/Startup/startup_stm32f103c8tx.o
 .debug_abbrev  0x00000000000008cc      0x1c7 Drivers/STM32F1xx_HAL_Driver/Src/stm32f1xx_hal.o
 .debug_abbrev  0x0000000000000a93      0x1d5 Drivers/STM32F1xx_HAL_Driver/Src/stm32f1xx_hal_adc.o
 .debug_abbrev  0x0000000000000c68      0x2d5 Drivers/STM32F1xx_HAL_Driver/Src/stm32f1xx_hal_cortex.o
 .debug_abbrev  0x0000000000000f3d      0x1fe Drivers/STM32F1xx_HAL_Driver/Src/stm32f1xx_hal_dma.o
 .debug_abbrev  0x000000000000113b      0x1c0 Drivers/STM32F1xx_HAL_Driver/Src/stm32f1xx_hal_gpio.o
 .debug_abbrev  0x00000000000012fb      0x258 Drivers/STM32F1xx_HAL_Driver/Src/stm32f1xx_hal_i2c.o
 .debug_abbrev  0x0000000000001553      0x243 Drivers/STM32F1xx_HAL_Driver/Src/stm32f1xx_hal_rcc.o
 .debug_abbrev  0x0000000000001796      0x175 Drivers/STM32F1xx_HAL_Driver/Src/stm32f1xx_hal_rcc_ex.o
 .debug_abbrev  0x000000000000190b      0x242 Drivers/STM32F1xx_HAL_Driver/Src/stm32f1xx_hal_uart.o

.debug_aranges  0x0000000000000000      0xa80
 .debug_aranges
                0x0000000000000000       0x80 Core/Src/main.o
 .debug_aranges
                0x0000000000000080       0x50 Core/Src/stm32f1xx_hal_msp.o
 .debug_aranges
                0x00000000000000d0       0x68 Core/Src/stm32f1xx_it.o
 .debug_aranges
                0x0000000000000138       0x20 Core/Src/sysmem.o
 .debug_aranges
                0x0000000000000158       0x28 Core/Src/system_stm32f1xx.o
 .debug_aranges
                0x0000000000000180       0x28 Core/Startup/startup_stm32f103c8tx.o
 .debug_aranges
                0x00000000000001a8       0xe0 Drivers/STM32F1xx_HAL_Driver/Src/stm32f1xx_hal.o
 .debug_aranges
                0x0000000000000288       0xf0 Drivers/STM32F1xx_HAL_Driver/Src/stm32f1xx_hal_adc.o
 .debug_aranges
                0x0000000000000378      0x100 Drivers/STM32F1xx_HAL_Driver/Src/stm32f1xx_hal_cortex.o
 .debug_aranges
                0x0000000000000478       0x80 Drivers/STM32F1xx_HAL_Driver/Src/stm32f1xx_hal_dma.o
 .debug_aranges
                0x00000000000004f8       0x58 Drivers/STM32F1xx_HAL_Driver/Src/stm32f1xx_hal_gpio.o
 .debug_aranges
                0x0000000000000550      0x2a0 Drivers/STM32F1xx_HAL_Driver/Src/stm32f1xx_hal_i2c.o
 .debug_aranges
                0x00000000000007f0       0x90 Drivers/STM32F1xx_HAL_Driver/Src/stm32f1xx_hal_rcc.o
 .debug_aranges
                0x0000000000000880       0x30 Drivers/STM32F1xx_HAL_Driver/Src/stm32f1xx_hal_rcc_ex.o
 .debug_aranges
                0x00000000000008b0      0x1d0 Drivers/STM32F1xx_HAL_Driver/Src/stm32f1xx_hal_uart.o

.debug_ranges   0x0000000000000000      0x9c0
 .debug_ranges  0x0000000000000000       0x70 Core/Src/main.o
 .debug_ranges  0x0000000000000070       0x40 Core/Src/stm32f1xx_hal_msp.o
 .debug_ranges  0x00000000000000b0       0x58 Core/Src/stm32f1xx_it.o
 .debug_ranges  0x0000000000000108       0x10 Core/Src/sysmem.o
 .debug_ranges  0x0000000000000118       0x18 Core/Src/system_stm32f1xx.o
 .debug_ranges  0x0000000000000130       0x20 Core/Startup/startup_stm32f103c8tx.o
 .debug_ranges  0x0000000000000150       0xd0 Drivers/STM32F1xx_HAL_Driver/Src/stm32f1xx_hal.o
 .debug_ranges  0x0000000000000220       0xe0 Drivers/STM32F1xx_HAL_Driver/Src/stm32f1xx_hal_adc.o
 .debug_ranges  0x0000000000000300       0xf0 Drivers/STM32F1xx_HAL_Driver/Src/stm32f1xx_hal_cortex.o
 .debug_ranges  0x00000000000003f0       0x70 Drivers/STM32F1xx_HAL_Driver/Src/stm32f1xx_hal_dma.o
 .debug_ranges  0x0000000000000460       0x48 Drivers/STM32F1xx_HAL_Driver/Src/stm32f1xx_hal_gpio.o
 .debug_ranges  0x00000000000004a8      0x2b8 Drivers/STM32F1xx_HAL_Driver/Src/stm32f1xx_hal_i2c.o
 .debug_ranges  0x0000000000000760       0x80 Drivers/STM32F1xx_HAL_Driver/Src/stm32f1xx_hal_rcc.o
 .debug_ranges  0x00000000000007e0       0x20 Drivers/STM32F1xx_HAL_Driver/Src/stm32f1xx_hal_rcc_ex.o
 .debug_ranges  0x0000000000000800      0x1c0 Drivers/STM32F1xx_HAL_Driver/Src/stm32f1xx_hal_uart.o

.debug_macro    0x0000000000000000    0x17d05
 .debug_macro   0x0000000000000000      0x35f Core/Src/main.o
 .debug_macro   0x000000000000035f      0xa5a Core/Src/main.o
 .debug_macro   0x0000000000000db9      0x227 Core/Src/main.o
 .debug_macro   0x0000000000000fe0       0x2e Core/Src/main.o
 .debug_macro   0x000000000000100e       0x22 Core/Src/main.o
 .debug_macro   0x0000000000001030       0x22 Core/Src/main.o
 .debug_macro   0x0000000000001052       0x8e Core/Src/main.o
 .debug_macro   0x00000000000010e0       0x51 Core/Src/main.o
 .debug_macro   0x0000000000001131       0xef Core/Src/main.o
 .debug_macro   0x0000000000001220       0x6a Core/Src/main.o
 .debug_macro   0x000000000000128a      0x1df Core/Src/main.o
 .debug_macro   0x0000000000001469       0x1c Core/Src/main.o
 .debug_macro   0x0000000000001485       0x22 Core/Src/main.o
 .debug_macro   0x00000000000014a7       0xc3 Core/Src/main.o
 .debug_macro   0x000000000000156a      0xd23 Core/Src/main.o
 .debug_macro   0x000000000000228d     0xe097 Core/Src/main.o
 .debug_macro   0x0000000000010324       0x43 Core/Src/main.o
 .debug_macro   0x0000000000010367     0x3468 Core/Src/main.o
 .debug_macro   0x00000000000137cf      0x174 Core/Src/main.o
 .debug_macro   0x0000000000013943       0x5c Core/Src/main.o
 .debug_macro   0x000000000001399f      0x5be Core/Src/main.o
 .debug_macro   0x0000000000013f5d      0x289 Core/Src/main.o
 .debug_macro   0x00000000000141e6      0x1cb Core/Src/main.o
 .debug_macro   0x00000000000143b1      0x114 Core/Src/main.o
 .debug_macro   0x00000000000144c5      0x1b2 Core/Src/main.o
 .debug_macro   0x0000000000014677       0x27 Core/Src/main.o
 .debug_macro   0x000000000001469e      0x136 Core/Src/main.o
 .debug_macro   0x00000000000147d4      0x1bc Core/Src/main.o
 .debug_macro   0x0000000000014990       0x34 Core/Src/main.o
 .debug_macro   0x00000000000149c4       0x3c Core/Src/main.o
 .debug_macro   0x0000000000014a00       0x57 Core/Src/main.o
 .debug_macro   0x0000000000014a57      0x46a Core/Src/main.o
 .debug_macro   0x0000000000014ec1      0x1b5 Core/Src/main.o
 .debug_macro   0x0000000000015076       0x88 Core/Src/main.o
 .debug_macro   0x00000000000150fe      0x241 Core/Src/main.o
 .debug_macro   0x000000000001533f      0x287 Core/Src/main.o
 .debug_macro   0x00000000000155c6      0x141 Core/Src/main.o
 .debug_macro   0x0000000000015707      0x26b Core/Src/main.o
 .debug_macro   0x0000000000015972       0x83 Core/Src/main.o
 .debug_macro   0x00000000000159f5       0x10 Core/Src/main.o
 .debug_macro   0x0000000000015a05       0x46 Core/Src/main.o
 .debug_macro   0x0000000000015a4b       0x18 Core/Src/main.o
 .debug_macro   0x0000000000015a63       0x3c Core/Src/main.o
 .debug_macro   0x0000000000015a9f       0x34 Core/Src/main.o
 .debug_macro   0x0000000000015ad3       0x16 Core/Src/main.o
 .debug_macro   0x0000000000015ae9       0x35 Core/Src/main.o
 .debug_macro   0x0000000000015b1e      0x32a Core/Src/main.o
 .debug_macro   0x0000000000015e48       0x10 Core/Src/main.o
 .debug_macro   0x0000000000015e58       0x52 Core/Src/main.o
 .debug_macro   0x0000000000015eaa       0x1f Core/Src/main.o
 .debug_macro   0x0000000000015ec9       0x43 Core/Src/main.o
 .debug_macro   0x0000000000015f0c       0x20 Core/Src/main.o
 .debug_macro   0x0000000000015f2c      0x1a3 Core/Src/main.o
 .debug_macro   0x00000000000160cf       0x10 Core/Src/main.o
 .debug_macro   0x00000000000160df       0x1c Core/Src/main.o
 .debug_macro   0x00000000000160fb       0x52 Core/Src/main.o
 .debug_macro   0x000000000001614d       0x40 Core/Src/main.o
 .debug_macro   0x000000000001618d       0x10 Core/Src/main.o
 .debug_macro   0x000000000001619d       0x40 Core/Src/main.o
 .debug_macro   0x00000000000161dd       0xd7 Core/Src/main.o
 .debug_macro   0x00000000000162b4       0x1c Core/Src/main.o
 .debug_macro   0x00000000000162d0       0x3d Core/Src/main.o
 .debug_macro   0x000000000001630d       0x16 Core/Src/main.o
 .debug_macro   0x0000000000016323      0x145 Core/Src/main.o
 .debug_macro   0x0000000000016468       0x16 Core/Src/main.o
 .debug_macro   0x000000000001647e       0x20 Core/Src/main.o
 .debug_macro   0x000000000001649e      0x1bb Core/Src/stm32f1xx_hal_msp.o
 .debug_macro   0x0000000000016659      0x1c5 Core/Src/stm32f1xx_it.o
 .debug_macro   0x000000000001681e       0xee Core/Src/sysmem.o
 .debug_macro   0x000000000001690c      0x23b Core/Src/sysmem.o
 .debug_macro   0x0000000000016b47      0x1ac Core/Src/system_stm32f1xx.o
 .debug_macro   0x0000000000016cf3      0x1d0 Drivers/STM32F1xx_HAL_Driver/Src/stm32f1xx_hal.o
 .debug_macro   0x0000000000016ec3      0x1c9 Drivers/STM32F1xx_HAL_Driver/Src/stm32f1xx_hal_adc.o
 .debug_macro   0x000000000001708c      0x1ac Drivers/STM32F1xx_HAL_Driver/Src/stm32f1xx_hal_cortex.o
 .debug_macro   0x0000000000017238      0x1ac Drivers/STM32F1xx_HAL_Driver/Src/stm32f1xx_hal_dma.o
 .debug_macro   0x00000000000173e4      0x217 Drivers/STM32F1xx_HAL_Driver/Src/stm32f1xx_hal_gpio.o
 .debug_macro   0x00000000000175fb      0x1f3 Drivers/STM32F1xx_HAL_Driver/Src/stm32f1xx_hal_i2c.o
 .debug_macro   0x00000000000177ee      0x1be Drivers/STM32F1xx_HAL_Driver/Src/stm32f1xx_hal_rcc.o
 .debug_macro   0x00000000000179ac      0x1ac Drivers/STM32F1xx_HAL_Driver/Src/stm32f1xx_hal_rcc_ex.o
 .debug_macro   0x0000000000017b58      0x1ad Drivers/STM32F1xx_HAL_Driver/Src/stm32f1xx_hal_uart.o

.debug_line     0x0000000000000000     0x93a7
 .debug_line    0x0000000000000000      0xa35 Core/Src/main.o
 .debug_line    0x0000000000000a35      0x752 Core/Src/stm32f1xx_hal_msp.o
 .debug_line    0x0000000000001187      0x774 Core/Src/stm32f1xx_it.o
 .debug_line    0x00000000000018fb      0x4fe Core/Src/sysmem.o
 .debug_line    0x0000000000001df9      0x6e2 Core/Src/system_stm32f1xx.o
 .debug_line    0x00000000000024db       0x84 Core/Startup/startup_stm32f103c8tx.o
 .debug_line    0x000000000000255f      0x895 Drivers/STM32F1xx_HAL_Driver/Src/stm32f1xx_hal.o
 .debug_line    0x0000000000002df4      0xbe6 Drivers/STM32F1xx_HAL_Driver/Src/stm32f1xx_hal_adc.o
 .debug_line    0x00000000000039da      0x96c Drivers/STM32F1xx_HAL_Driver/Src/stm32f1xx_hal_cortex.o
 .debug_line    0x0000000000004346      0xafa Drivers/STM32F1xx_HAL_Driver/Src/stm32f1xx_hal_dma.o
 .debug_line    0x0000000000004e40      0x891 Drivers/STM32F1xx_HAL_Driver/Src/stm32f1xx_hal_gpio.o
 .debug_line    0x00000000000056d1     0x1c3b Drivers/STM32F1xx_HAL_Driver/Src/stm32f1xx_hal_i2c.o
 .debug_line    0x000000000000730c      0x955 Drivers/STM32F1xx_HAL_Driver/Src/stm32f1xx_hal_rcc.o
 .debug_line    0x0000000000007c61      0x773 Drivers/STM32F1xx_HAL_Driver/Src/stm32f1xx_hal_rcc_ex.o
 .debug_line    0x00000000000083d4      0xfd3 Drivers/STM32F1xx_HAL_Driver/Src/stm32f1xx_hal_uart.o

.debug_str      0x0000000000000000    0x8994b
 .debug_str     0x0000000000000000    0x8704c Core/Src/main.o
                                      0x8754f (size before relaxing)
 .debug_str     0x000000000008704c       0xcd Core/Src/stm32f1xx_hal_msp.o
                                      0x82dfb (size before relaxing)
 .debug_str     0x0000000000087119       0xd6 Core/Src/stm32f1xx_it.o
                                      0x827ee (size before relaxing)
 .debug_str     0x00000000000871ef      0x4e9 Core/Src/sysmem.o
                                       0x5f5e (size before relaxing)
 .debug_str     0x00000000000876d8       0x52 Core/Src/system_stm32f1xx.o
                                      0x82584 (size before relaxing)
 .debug_str     0x000000000008772a       0x36 Core/Startup/startup_stm32f103c8tx.o
                                         0x8e (size before relaxing)
 .debug_str     0x0000000000087760      0x2f2 Drivers/STM32F1xx_HAL_Driver/Src/stm32f1xx_hal.o
                                      0x82c15 (size before relaxing)
 .debug_str     0x0000000000087a52      0x343 Drivers/STM32F1xx_HAL_Driver/Src/stm32f1xx_hal_adc.o
                                      0x82c14 (size before relaxing)
 .debug_str     0x0000000000087d95      0x300 Drivers/STM32F1xx_HAL_Driver/Src/stm32f1xx_hal_cortex.o
                                      0x82c1d (size before relaxing)
 .debug_str     0x0000000000088095      0x235 Drivers/STM32F1xx_HAL_Driver/Src/stm32f1xx_hal_dma.o
                                      0x8295f (size before relaxing)
 .debug_str     0x00000000000882ca      0x31f Drivers/STM32F1xx_HAL_Driver/Src/stm32f1xx_hal_gpio.o
                                      0x82948 (size before relaxing)
 .debug_str     0x00000000000885e9      0xb41 Drivers/STM32F1xx_HAL_Driver/Src/stm32f1xx_hal_i2c.o
                                      0x835c0 (size before relaxing)
 .debug_str     0x000000000008912a      0x244 Drivers/STM32F1xx_HAL_Driver/Src/stm32f1xx_hal_rcc.o
                                      0x82981 (size before relaxing)
 .debug_str     0x000000000008936e       0xb9 Drivers/STM32F1xx_HAL_Driver/Src/stm32f1xx_hal_rcc_ex.o
                                      0x8270e (size before relaxing)
 .debug_str     0x0000000000089427      0x524 Drivers/STM32F1xx_HAL_Driver/Src/stm32f1xx_hal_uart.o
                                      0x82e87 (size before relaxing)

.comment        0x0000000000000000       0x7b
 .comment       0x0000000000000000       0x7b Core/Src/main.o
                                         0x7c (size before relaxing)
 .comment       0x000000000000007b       0x7c Core/Src/stm32f1xx_hal_msp.o
 .comment       0x000000000000007b       0x7c Core/Src/stm32f1xx_it.o
 .comment       0x000000000000007b       0x7c Core/Src/sysmem.o
 .comment       0x000000000000007b       0x7c Core/Src/system_stm32f1xx.o
 .comment       0x000000000000007b       0x7c Drivers/STM32F1xx_HAL_Driver/Src/stm32f1xx_hal.o
 .comment       0x000000000000007b       0x7c Drivers/STM32F1xx_HAL_Driver/Src/stm32f1xx_hal_adc.o
 .comment       0x000000000000007b       0x7c Drivers/STM32F1xx_HAL_Driver/Src/stm32f1xx_hal_cortex.o
 .comment       0x000000000000007b       0x7c Drivers/STM32F1xx_HAL_Driver/Src/stm32f1xx_hal_dma.o
 .comment       0x000000000000007b       0x7c Drivers/STM32F1xx_HAL_Driver/Src/stm32f1xx_hal_gpio.o
 .comment       0x000000000000007b       0x7c Drivers/STM32F1xx_HAL_Driver/Src/stm32f1xx_hal_i2c.o
 .comment       0x000000000000007b       0x7c Drivers/STM32F1xx_HAL_Driver/Src/stm32f1xx_hal_rcc.o
 .comment       0x000000000000007b       0x7c Drivers/STM32F1xx_HAL_Driver/Src/stm32f1xx_hal_rcc_ex.o
 .comment       0x000000000000007b       0x7c Drivers/STM32F1xx_HAL_Driver/Src/stm32f1xx_hal_uart.o

.debug_frame    0x0000000000000000     0x2ec8
 .debug_frame   0x0000000000000000      0x1c8 Core/Src/main.o
 .debug_frame   0x00000000000001c8      0x110 Core/Src/stm32f1xx_hal_msp.o
 .debug_frame   0x00000000000002d8      0x120 Core/Src/stm32f1xx_it.o
 .debug_frame   0x00000000000003f8       0x34 Core/Src/sysmem.o
 .debug_frame   0x000000000000042c       0x58 Core/Src/system_stm32f1xx.o
 .debug_frame   0x0000000000000484      0x334 Drivers/STM32F1xx_HAL_Driver/Src/stm32f1xx_hal.o
 .debug_frame   0x00000000000007b8      0x40c Drivers/STM32F1xx_HAL_Driver/Src/stm32f1xx_hal_adc.o
 .debug_frame   0x0000000000000bc4      0x428 Drivers/STM32F1xx_HAL_Driver/Src/stm32f1xx_hal_cortex.o
 .debug_frame   0x0000000000000fec      0x208 Drivers/STM32F1xx_HAL_Driver/Src/stm32f1xx_hal_dma.o
 .debug_frame   0x00000000000011f4      0x14c Drivers/STM32F1xx_HAL_Driver/Src/stm32f1xx_hal_gpio.o
 .debug_frame   0x0000000000001340      0xc54 Drivers/STM32F1xx_HAL_Driver/Src/stm32f1xx_hal_i2c.o
 .debug_frame   0x0000000000001f94      0x21c Drivers/STM32F1xx_HAL_Driver/Src/stm32f1xx_hal_rcc.o
 .debug_frame   0x00000000000021b0       0x84 Drivers/STM32F1xx_HAL_Driver/Src/stm32f1xx_hal_rcc_ex.o
 .debug_frame   0x0000000000002234      0x834 Drivers/STM32F1xx_HAL_Driver/Src/stm32f1xx_hal_uart.o
 .debug_frame   0x0000000000002a68       0x20 c:/program files/stm32cubeide_1.5.0/stm32cubeide/plugins/com.st.stm32cube.ide.mcu.externaltools.gnu-tools-for-stm32.7-2018-q2-update.win32_1.5.0.202011040924/tools/bin/../lib/gcc/arm-none-eabi/7.3.1/../../../../arm-none-eabi/lib/thumb/v7-m\libc_nano.a(lib_a-errno.o)
 .debug_frame   0x0000000000002a88       0x2c c:/program files/stm32cubeide_1.5.0/stm32cubeide/plugins/com.st.stm32cube.ide.mcu.externaltools.gnu-tools-for-stm32.7-2018-q2-update.win32_1.5.0.202011040924/tools/bin/../lib/gcc/arm-none-eabi/7.3.1/../../../../arm-none-eabi/lib/thumb/v7-m\libc_nano.a(lib_a-init.o)
 .debug_frame   0x0000000000002ab4       0x20 c:/program files/stm32cubeide_1.5.0/stm32cubeide/plugins/com.st.stm32cube.ide.mcu.externaltools.gnu-tools-for-stm32.7-2018-q2-update.win32_1.5.0.202011040924/tools/bin/../lib/gcc/arm-none-eabi/7.3.1/../../../../arm-none-eabi/lib/thumb/v7-m\libc_nano.a(lib_a-memset.o)
 .debug_frame   0x0000000000002ad4       0x6c c:/program files/stm32cubeide_1.5.0/stm32cubeide/plugins/com.st.stm32cube.ide.mcu.externaltools.gnu-tools-for-stm32.7-2018-q2-update.win32_1.5.0.202011040924/tools/bin/../lib/gcc/arm-none-eabi/7.3.1/../../../../arm-none-eabi/lib/thumb/v7-m\libc_nano.a(lib_a-sprintf.o)
 .debug_frame   0x0000000000002b40       0x90 c:/program files/stm32cubeide_1.5.0/stm32cubeide/plugins/com.st.stm32cube.ide.mcu.externaltools.gnu-tools-for-stm32.7-2018-q2-update.win32_1.5.0.202011040924/tools/bin/../lib/gcc/arm-none-eabi/7.3.1/../../../../arm-none-eabi/lib/thumb/v7-m\libc_nano.a(lib_a-nano-svfprintf.o)
 .debug_frame   0x0000000000002bd0       0x60 c:/program files/stm32cubeide_1.5.0/stm32cubeide/plugins/com.st.stm32cube.ide.mcu.externaltools.gnu-tools-for-stm32.7-2018-q2-update.win32_1.5.0.202011040924/tools/bin/../lib/gcc/arm-none-eabi/7.3.1/../../../../arm-none-eabi/lib/thumb/v7-m\libc_nano.a(lib_a-nano-vfprintf_i.o)
 .debug_frame   0x0000000000002c30       0x28 c:/program files/stm32cubeide_1.5.0/stm32cubeide/plugins/com.st.stm32cube.ide.mcu.externaltools.gnu-tools-for-stm32.7-2018-q2-update.win32_1.5.0.202011040924/tools/bin/../lib/gcc/arm-none-eabi/7.3.1/../../../../arm-none-eabi/lib/thumb/v7-m\libc_nano.a(lib_a-memchr-stub.o)
 .debug_frame   0x0000000000002c58       0x28 c:/program files/stm32cubeide_1.5.0/stm32cubeide/plugins/com.st.stm32cube.ide.mcu.externaltools.gnu-tools-for-stm32.7-2018-q2-update.win32_1.5.0.202011040924/tools/bin/../lib/gcc/arm-none-eabi/7.3.1/../../../../arm-none-eabi/lib/thumb/v7-m\libc_nano.a(lib_a-memcpy-stub.o)
 .debug_frame   0x0000000000002c80       0x28 c:/program files/stm32cubeide_1.5.0/stm32cubeide/plugins/com.st.stm32cube.ide.mcu.externaltools.gnu-tools-for-stm32.7-2018-q2-update.win32_1.5.0.202011040924/tools/bin/../lib/gcc/arm-none-eabi/7.3.1/../../../../arm-none-eabi/lib/thumb/v7-m\libc_nano.a(lib_a-memmove.o)
 .debug_frame   0x0000000000002ca8       0x38 c:/program files/stm32cubeide_1.5.0/stm32cubeide/plugins/com.st.stm32cube.ide.mcu.externaltools.gnu-tools-for-stm32.7-2018-q2-update.win32_1.5.0.202011040924/tools/bin/../lib/gcc/arm-none-eabi/7.3.1/../../../../arm-none-eabi/lib/thumb/v7-m\libc_nano.a(lib_a-nano-freer.o)
 .debug_frame   0x0000000000002ce0       0x2c c:/program files/stm32cubeide_1.5.0/stm32cubeide/plugins/com.st.stm32cube.ide.mcu.externaltools.gnu-tools-for-stm32.7-2018-q2-update.win32_1.5.0.202011040924/tools/bin/../lib/gcc/arm-none-eabi/7.3.1/../../../../arm-none-eabi/lib/thumb/v7-m\libc_nano.a(lib_a-nano-mallocr.o)
 .debug_frame   0x0000000000002d0c       0x3c c:/program files/stm32cubeide_1.5.0/stm32cubeide/plugins/com.st.stm32cube.ide.mcu.externaltools.gnu-tools-for-stm32.7-2018-q2-update.win32_1.5.0.202011040924/tools/bin/../lib/gcc/arm-none-eabi/7.3.1/../../../../arm-none-eabi/lib/thumb/v7-m\libc_nano.a(lib_a-nano-reallocr.o)
 .debug_frame   0x0000000000002d48       0x2c c:/program files/stm32cubeide_1.5.0/stm32cubeide/plugins/com.st.stm32cube.ide.mcu.externaltools.gnu-tools-for-stm32.7-2018-q2-update.win32_1.5.0.202011040924/tools/bin/../lib/gcc/arm-none-eabi/7.3.1/../../../../arm-none-eabi/lib/thumb/v7-m\libc_nano.a(lib_a-sbrkr.o)
 .debug_frame   0x0000000000002d74       0x30 c:/program files/stm32cubeide_1.5.0/stm32cubeide/plugins/com.st.stm32cube.ide.mcu.externaltools.gnu-tools-for-stm32.7-2018-q2-update.win32_1.5.0.202011040924/tools/bin/../lib/gcc/arm-none-eabi/7.3.1/../../../../arm-none-eabi/lib/thumb/v7-m\libc_nano.a(lib_a-mlock.o)
 .debug_frame   0x0000000000002da4       0x20 c:/program files/stm32cubeide_1.5.0/stm32cubeide/plugins/com.st.stm32cube.ide.mcu.externaltools.gnu-tools-for-stm32.7-2018-q2-update.win32_1.5.0.202011040924/tools/bin/../lib/gcc/arm-none-eabi/7.3.1/../../../../arm-none-eabi/lib/thumb/v7-m\libc_nano.a(lib_a-nano-msizer.o)
 .debug_frame   0x0000000000002dc4       0x5c c:/program files/stm32cubeide_1.5.0/stm32cubeide/plugins/com.st.stm32cube.ide.mcu.externaltools.gnu-tools-for-stm32.7-2018-q2-update.win32_1.5.0.202011040924/tools/bin/../lib/gcc/arm-none-eabi/7.3.1/../../../../arm-none-eabi/lib/thumb/v7-m\libc_nano.a(lib_a-reent.o)
 .debug_frame   0x0000000000002e20       0x4c c:/program files/stm32cubeide_1.5.0/stm32cubeide/plugins/com.st.stm32cube.ide.mcu.externaltools.gnu-tools-for-stm32.7-2018-q2-update.win32_1.5.0.202011040924/tools/bin/../lib/gcc/arm-none-eabi/7.3.1/thumb/v7-m\libgcc.a(_arm_addsubsf3.o)
 .debug_frame   0x0000000000002e6c       0x38 c:/program files/stm32cubeide_1.5.0/stm32cubeide/plugins/com.st.stm32cube.ide.mcu.externaltools.gnu-tools-for-stm32.7-2018-q2-update.win32_1.5.0.202011040924/tools/bin/../lib/gcc/arm-none-eabi/7.3.1/thumb/v7-m\libgcc.a(_arm_muldivsf3.o)
 .debug_frame   0x0000000000002ea4       0x24 c:/program files/stm32cubeide_1.5.0/stm32cubeide/plugins/com.st.stm32cube.ide.mcu.externaltools.gnu-tools-for-stm32.7-2018-q2-update.win32_1.5.0.202011040924/tools/bin/../lib/gcc/arm-none-eabi/7.3.1/thumb/v7-m\libgcc.a(_arm_fixsfsi.o)
